Archive member included to satisfy reference by file (symbol)

../07_X-Cube_AI/AI/Lib\NetworkRuntime500_CM4_GCC.a(ai_platform_interface.o)
                              07_X-Cube_AI/network_cnn.o (ai_platform_api_get_network_report)
../07_X-Cube_AI/AI/Lib\NetworkRuntime500_CM4_GCC.a(core_common.o)
                              ../07_X-Cube_AI/AI/Lib\NetworkRuntime500_CM4_GCC.a(ai_platform_interface.o) (core_get_error)
../07_X-Cube_AI/AI/Lib\NetworkRuntime500_CM4_GCC.a(layers.o)
                              ../07_X-Cube_AI/AI/Lib\NetworkRuntime500_CM4_GCC.a(ai_platform_interface.o) (ai_check_custom_types)
../07_X-Cube_AI/AI/Lib\NetworkRuntime500_CM4_GCC.a(layers_conv2d_generic_float.o)
                              07_X-Cube_AI/network_cnn.o (forward_conv2d_nl_pool)
../07_X-Cube_AI/AI/Lib\NetworkRuntime500_CM4_GCC.a(layers_nl_generic_float.o)
                              07_X-Cube_AI/network_cnn.o (forward_relu)
../07_X-Cube_AI/AI/Lib\NetworkRuntime500_CM4_GCC.a(layers_pool_generic_float.o)
                              07_X-Cube_AI/network_cnn.o (pool_func_mp_array_f32)
../07_X-Cube_AI/AI/Lib\NetworkRuntime500_CM4_GCC.a(ai_datatypes_format.o)
                              ../07_X-Cube_AI/AI/Lib\NetworkRuntime500_CM4_GCC.a(ai_platform_interface.o) (ai_array_get_byte_size)
../07_X-Cube_AI/AI/Lib\NetworkRuntime500_CM4_GCC.a(ai_math_helpers.o)
                              ../07_X-Cube_AI/AI/Lib\NetworkRuntime500_CM4_GCC.a(layers_nl_generic_float.o) (ai_math_sqrt)
../07_X-Cube_AI/AI/Lib\NetworkRuntime500_CM4_GCC.a(arm_mat_init_f32.o)
                              ../07_X-Cube_AI/AI/Lib\NetworkRuntime500_CM4_GCC.a(layers_conv2d_generic_float.o) (arm_mat_init_f32)
c:/st/stm32cubeide_1.3.0/stm32cubeide/plugins/com.st.stm32cube.ide.mcu.externaltools.gnu-tools-for-stm32.7-2018-q2-update.win32_1.0.0.201904181610/tools/bin/../lib/gcc/arm-none-eabi/7.3.1/../../../../arm-none-eabi/lib/thumb/v7e-m/fpv4-sp/hard\libc_nano.a(lib_a-aeabi_memclr.o)
                              ../07_X-Cube_AI/AI/Lib\NetworkRuntime500_CM4_GCC.a(layers_nl_generic_float.o) (__aeabi_memclr)
c:/st/stm32cubeide_1.3.0/stm32cubeide/plugins/com.st.stm32cube.ide.mcu.externaltools.gnu-tools-for-stm32.7-2018-q2-update.win32_1.0.0.201904181610/tools/bin/../lib/gcc/arm-none-eabi/7.3.1/../../../../arm-none-eabi/lib/thumb/v7e-m/fpv4-sp/hard\libc_nano.a(lib_a-aeabi_memcpy.o)
                              ../07_X-Cube_AI/AI/Lib\NetworkRuntime500_CM4_GCC.a(ai_platform_interface.o) (__aeabi_memcpy)
c:/st/stm32cubeide_1.3.0/stm32cubeide/plugins/com.st.stm32cube.ide.mcu.externaltools.gnu-tools-for-stm32.7-2018-q2-update.win32_1.0.0.201904181610/tools/bin/../lib/gcc/arm-none-eabi/7.3.1/../../../../arm-none-eabi/lib/thumb/v7e-m/fpv4-sp/hard\libc_nano.a(lib_a-aeabi_memset-soft.o)
                              c:/st/stm32cubeide_1.3.0/stm32cubeide/plugins/com.st.stm32cube.ide.mcu.externaltools.gnu-tools-for-stm32.7-2018-q2-update.win32_1.0.0.201904181610/tools/bin/../lib/gcc/arm-none-eabi/7.3.1/../../../../arm-none-eabi/lib/thumb/v7e-m/fpv4-sp/hard\libc_nano.a(lib_a-aeabi_memclr.o) (__aeabi_memset)
c:/st/stm32cubeide_1.3.0/stm32cubeide/plugins/com.st.stm32cube.ide.mcu.externaltools.gnu-tools-for-stm32.7-2018-q2-update.win32_1.0.0.201904181610/tools/bin/../lib/gcc/arm-none-eabi/7.3.1/../../../../arm-none-eabi/lib/thumb/v7e-m/fpv4-sp/hard\libc_nano.a(lib_a-exit.o)
                              c:/st/stm32cubeide_1.3.0/stm32cubeide/plugins/com.st.stm32cube.ide.mcu.externaltools.gnu-tools-for-stm32.7-2018-q2-update.win32_1.0.0.201904181610/tools/bin/../lib/gcc/arm-none-eabi/7.3.1/../../../../arm-none-eabi/lib/thumb/v7e-m/fpv4-sp/hard/crt0.o (exit)
c:/st/stm32cubeide_1.3.0/stm32cubeide/plugins/com.st.stm32cube.ide.mcu.externaltools.gnu-tools-for-stm32.7-2018-q2-update.win32_1.0.0.201904181610/tools/bin/../lib/gcc/arm-none-eabi/7.3.1/../../../../arm-none-eabi/lib/thumb/v7e-m/fpv4-sp/hard\libc_nano.a(lib_a-impure.o)
                              c:/st/stm32cubeide_1.3.0/stm32cubeide/plugins/com.st.stm32cube.ide.mcu.externaltools.gnu-tools-for-stm32.7-2018-q2-update.win32_1.0.0.201904181610/tools/bin/../lib/gcc/arm-none-eabi/7.3.1/../../../../arm-none-eabi/lib/thumb/v7e-m/fpv4-sp/hard\libc_nano.a(lib_a-exit.o) (_global_impure_ptr)
c:/st/stm32cubeide_1.3.0/stm32cubeide/plugins/com.st.stm32cube.ide.mcu.externaltools.gnu-tools-for-stm32.7-2018-q2-update.win32_1.0.0.201904181610/tools/bin/../lib/gcc/arm-none-eabi/7.3.1/../../../../arm-none-eabi/lib/thumb/v7e-m/fpv4-sp/hard\libc_nano.a(lib_a-init.o)
                              c:/st/stm32cubeide_1.3.0/stm32cubeide/plugins/com.st.stm32cube.ide.mcu.externaltools.gnu-tools-for-stm32.7-2018-q2-update.win32_1.0.0.201904181610/tools/bin/../lib/gcc/arm-none-eabi/7.3.1/../../../../arm-none-eabi/lib/thumb/v7e-m/fpv4-sp/hard/crt0.o (__libc_init_array)
[...]
Memory Configuration

Name             Origin             Length             Attributes
RAM              0x0000000020000000 0x0000000000010000 xrw
FLASH            0x0000000008000000 0x0000000000040000 xr
*default*        0x0000000000000000 0xffffffffffffffff

Linker script and memory map

LOAD c:/st/stm32cubeide_1.3.0/stm32cubeide/plugins/com.st.stm32cube.ide.mcu.externaltools.gnu-tools-for-stm32.7-2018-q2-update.win32_1.0.0.201904181610/tools/bin/../lib/gcc/arm-none-eabi/7.3.1/thumb/v7e-m/fpv4-sp/hard/crti.o
LOAD c:/st/stm32cubeide_1.3.0/stm32cubeide/plugins/com.st.stm32cube.ide.mcu.externaltools.gnu-tools-for-stm32.7-2018-q2-update.win32_1.0.0.201904181610/tools/bin/../lib/gcc/arm-none-eabi/7.3.1/thumb/v7e-m/fpv4-sp/hard/crtbegin.o
LOAD c:/st/stm32cubeide_1.3.0/stm32cubeide/plugins/com.st.stm32cube.ide.mcu.externaltools.gnu-tools-for-stm32.7-2018-q2-update.win32_1.0.0.201904181610/tools/bin/../lib/gcc/arm-none-eabi/7.3.1/../../../../arm-none-eabi/lib/thumb/v7e-m/fpv4-sp/hard/crt0.o
LOAD 03_MCU/MCU_drivers/flash.o
LOAD 03_MCU/MCU_drivers/gpio.o
LOAD 03_MCU/MCU_drivers/light.o
LOAD 03_MCU/MCU_drivers/uart.o
LOAD 03_MCU/startup/startup_stm32l431rctx.o
LOAD 03_MCU/startup/system_stm32l4xx.o
LOAD 04_GEC/bios_api.o
LOAD 05_UserBoard/iwdg.o
LOAD 05_UserBoard/printf.o
LOAD 06_SoftComponent/common.o
LOAD 06_SoftComponent/valueType.o
LOAD 07_X-Cube_AI/app_x-cube-ai.o
LOAD 07_X-Cube_AI/network_cnn.o
LOAD 07_X-Cube_AI/network_cnn_data.o
LOAD 08_NosPrg/isr.o
LOAD 08_NosPrg/main.o
LOAD ../07_X-Cube_AI/AI/Lib\NetworkRuntime500_CM4_GCC.a
START GROUP
LOAD c:/st/stm32cubeide_1.3.0/stm32cubeide/plugins/com.st.stm32cube.ide.mcu.externaltools.gnu-tools-for-stm32.7-2018-q2-update.win32_1.0.0.201904181610/tools/bin/../lib/gcc/arm-none-eabi/7.3.1/../../../../arm-none-eabi/lib/thumb/v7e-m/fpv4-sp/hard\libc_nano.a
LOAD c:/st/stm32cubeide_1.3.0/stm32cubeide/plugins/com.st.stm32cube.ide.mcu.externaltools.gnu-tools-for-stm32.7-2018-q2-update.win32_1.0.0.201904181610/tools/bin/../lib/gcc/arm-none-eabi/7.3.1/../../../../arm-none-eabi/lib/thumb/v7e-m/fpv4-sp/hard\libm.a
END GROUP
START GROUP
LOAD c:/st/stm32cubeide_1.3.0/stm32cubeide/plugins/com.st.stm32cube.ide.mcu.externaltools.gnu-tools-for-stm32.7-2018-q2-update.win32_1.0.0.201904181610/tools/bin/../lib/gcc/arm-none-eabi/7.3.1/thumb/v7e-m/fpv4-sp/hard\libgcc.a
LOAD c:/st/stm32cubeide_1.3.0/stm32cubeide/plugins/com.st.stm32cube.ide.mcu.externaltools.gnu-tools-for-stm32.7-2018-q2-update.win32_1.0.0.201904181610/tools/bin/../lib/gcc/arm-none-eabi/7.3.1/../../../../arm-none-eabi/lib/thumb/v7e-m/fpv4-sp/hard\libc_nano.a
END GROUP
START GROUP
LOAD c:/st/stm32cubeide_1.3.0/stm32cubeide/plugins/com.st.stm32cube.ide.mcu.externaltools.gnu-tools-for-stm32.7-2018-q2-update.win32_1.0.0.201904181610/tools/bin/../lib/gcc/arm-none-eabi/7.3.1/thumb/v7e-m/fpv4-sp/hard\libgcc.a
LOAD c:/st/stm32cubeide_1.3.0/stm32cubeide/plugins/com.st.stm32cube.ide.mcu.externaltools.gnu-tools-for-stm32.7-2018-q2-update.win32_1.0.0.201904181610/tools/bin/../lib/gcc/arm-none-eabi/7.3.1/../../../../arm-none-eabi/lib/thumb/v7e-m/fpv4-sp/hard\libc_nano.a
LOAD c:/st/stm32cubeide_1.3.0/stm32cubeide/plugins/com.st.stm32cube.ide.mcu.externaltools.gnu-tools-for-stm32.7-2018-q2-update.win32_1.0.0.201904181610/tools/bin/../lib/gcc/arm-none-eabi/7.3.1/../../../../arm-none-eabi/lib/thumb/v7e-m/fpv4-sp/hard\libnosys.a
END GROUP
START GROUP
LOAD c:/st/stm32cubeide_1.3.0/stm32cubeide/plugins/com.st.stm32cube.ide.mcu.externaltools.gnu-tools-for-stm32.7-2018-q2-update.win32_1.0.0.201904181610/tools/bin/../lib/gcc/arm-none-eabi/7.3.1/thumb/v7e-m/fpv4-sp/hard\libgcc.a
LOAD c:/st/stm32cubeide_1.3.0/stm32cubeide/plugins/com.st.stm32cube.ide.mcu.externaltools.gnu-tools-for-stm32.7-2018-q2-update.win32_1.0.0.201904181610/tools/bin/../lib/gcc/arm-none-eabi/7.3.1/../../../../arm-none-eabi/lib/thumb/v7e-m/fpv4-sp/hard\libc_nano.a
LOAD c:/st/stm32cubeide_1.3.0/stm32cubeide/plugins/com.st.stm32cube.ide.mcu.externaltools.gnu-tools-for-stm32.7-2018-q2-update.win32_1.0.0.201904181610/tools/bin/../lib/gcc/arm-none-eabi/7.3.1/../../../../arm-none-eabi/lib/thumb/v7e-m/fpv4-sp/hard\libnosys.a
END GROUP
LOAD c:/st/stm32cubeide_1.3.0/stm32cubeide/plugins/com.st.stm32cube.ide.mcu.externaltools.gnu-tools-for-stm32.7-2018-q2-update.win32_1.0.0.201904181610/tools/bin/../lib/gcc/arm-none-eabi/7.3.1/thumb/v7e-m/fpv4-sp/hard/crtend.o
LOAD c:/st/stm32cubeide_1.3.0/stm32cubeide/plugins/com.st.stm32cube.ide.mcu.externaltools.gnu-tools-for-stm32.7-2018-q2-update.win32_1.0.0.201904181610/tools/bin/../lib/gcc/arm-none-eabi/7.3.1/thumb/v7e-m/fpv4-sp/hard/crtn.o
                0x000000002000ffff                _estack = 0x2000ffff
                0x0000000000000200                _Min_Heap_Size = 0x200
                0x0000000000000400                _Min_Stack_Size = 0x400

.isr_vector     0x0000000008000000      0x18c
                0x0000000008000000                . = ALIGN (0x4)
 *(.isr_vector)
 .isr_vector    0x0000000008000000      0x18c 03_MCU/startup/startup_stm32l431rctx.o
                0x0000000008000000                g_pfnVectors
                0x000000000800018c                . = ALIGN (0x4)

.text           0x0000000008000190     0xbcd4
                0x0000000008000190                . = ALIGN (0x4)
 *(.text)
 .text          0x0000000008000190       0x40 c:/st/stm32cubeide_1.3.0/stm32cubeide/plugins/com.st.stm32cube.ide.mcu.externaltools.gnu-tools-for-stm32.7-2018-q2-update.win32_1.0.0.201904181610/tools/bin/../lib/gcc/arm-none-eabi/7.3.1/thumb/v7e-m/fpv4-sp/hard/crtbegin.o
 .text          0x00000000080001d0      0x93c ../07_X-Cube_AI/AI/Lib\NetworkRuntime500_CM4_GCC.a(ai_platform_interface.o)
                0x00000000080002b6                ai_platform_runtime_get_revision
                0x00000000080002e6                ai_platform_runtime_get_version
                0x000000000800031a                ai_platform_api_get_version
                0x000000000800034e                ai_platform_interface_api_get_version
                0x0000000008000382                ai_platform_context_acquire
                0x00000000080003be                ai_platform_context_release
                0x00000000080003c6                ai_platform_network_get_error
                0x0000000008000412                ai_platform_network_set_error
                0x000000000800041e                ai_platform_api_get_network_report
                0x000000000800059c                ai_platform_network_create
                0x0000000008000626                ai_platform_network_destroy
                0x000000000800066c                ai_platform_network_init
                0x0000000008000724                ai_platform_network_process
 .text          0x0000000008000b0c       0x24 ../07_X-Cube_AI/AI/Lib\NetworkRuntime500_CM4_GCC.a(core_common.o)
                0x0000000008000b0c                core_init
                0x0000000008000b10                core_get_error
                0x0000000008000b1a                core_set_error
 .text          0x0000000008000b30      0x260 ../07_X-Cube_AI/AI/Lib\NetworkRuntime500_CM4_GCC.a(layers.o)
                0x0000000008000b30                ai_layers_forward_layer
                0x0000000008000b44                ai_check_custom_types
                0x0000000008000b6c                ai_layer_type_name
                0x0000000008000c7c                ai_layer_type_is_valid
                0x0000000008000c98                ai_layers_forward_all
 .text          0x0000000008000d90     0x1798 ../07_X-Cube_AI/AI/Lib\NetworkRuntime500_CM4_GCC.a(layers_conv2d_generic_float.o)
                0x000000000800133c                ai_dict8_dot_array_f32
                0x000000000800149c                ai_dict4_dot_array_f32
                0x0000000008001604                ai_dict_decompress_f32
                0x00000000080016d8                forward_conv2d
                0x0000000008001974                forward_conv2d_nl_pool
                0x0000000008001e2c                forward_dense
                0x00000000080020d4                forward_gemm
                0x0000000008002390                forward_matmul
 .text          0x0000000008002528     0x24c4 ../07_X-Cube_AI/AI/Lib\NetworkRuntime500_CM4_GCC.a(layers_nl_generic_float.o)
                0x000000000800257c                nl_func_acos_array_f32
                0x00000000080025ac                forward_acos
                0x0000000008002660                nl_func_acosh_array_f32
                0x0000000008002690                forward_acosh
                0x0000000008002744                nl_func_asin_array_f32
                0x0000000008002774                forward_asin
                0x0000000008002828                nl_func_asinh_array_f32
                0x0000000008002858                forward_asinh
                0x000000000800290c                nl_func_atan_array_f32
                0x000000000800293c                forward_atan
                0x00000000080029f0                nl_func_atanh_array_f32
                0x0000000008002a20                forward_atanh
                0x0000000008002ad4                nl_func_cos_array_f32
                0x0000000008002b04                forward_cos
                0x0000000008002bb8                nl_func_cosh_array_f32
                0x0000000008002be8                forward_cosh
                0x0000000008002c9c                nl_func_erf_array_f32
                0x0000000008002ccc                forward_erf
                0x0000000008002d80                nl_func_log_array_f32
                0x0000000008002db0                forward_log
                0x0000000008002e64                nl_func_rsqrt_array_f32
                0x0000000008002e9c                forward_rsqrt
                0x0000000008002f5c                nl_func_sin_array_f32
                0x0000000008002f8c                forward_sin
                0x0000000008003040                nl_func_sinh_array_f32
                0x0000000008003070                forward_sinh
                0x0000000008003124                nl_func_tan_array_f32
                0x0000000008003154                forward_tan
                0x0000000008003208                nl_func_abs_array_f32
                0x0000000008003230                forward_abs
                0x00000000080032e0                nl_func_ceil_array_f32
                0x0000000008003310                forward_ceil
                0x00000000080033c4                nl_func_floor_array_f32
                0x00000000080033f4                forward_floor
                0x00000000080034a8                nl_func_round_array_f32
                0x00000000080034d8                forward_round
                0x000000000800358c                nl_func_neg_array_f32
                0x00000000080035fc                forward_neg
                0x00000000080036f4                nl_func_reciprocal_array_f32
                0x0000000008003770                forward_reciprocal
                0x0000000008003874                nl_func_exp_array_f32
                0x00000000080038a4                forward_exp
                0x0000000008003958                nl_func_sigmoid_array_f32
                0x000000000800399c                forward_sigmoid
                0x0000000008003a64                nl_func_sign_array_f32
                0x0000000008003aa4                forward_sign
                0x0000000008003b74                nl_func_sqrt_array_f32
                0x0000000008003ba4                forward_sqrt
                0x0000000008003c5c                nl_func_soft_plus_array_f32
                0x0000000008003c98                forward_soft_plus
                0x0000000008003d58                nl_func_soft_sign_array_f32
                0x0000000008003d90                forward_soft_sign
                0x0000000008003e50                nl_func_tanh_array_f32
                0x0000000008003e80                forward_tanh
                0x0000000008003f34                nl_func_relu_array_f32
                0x0000000008003f68                nl_func_sm_channel_f32
                0x000000000800408c                nl_func_sm_array_f32
                0x00000000080040e8                nl_func_hard_sigmoid_array_f32
                0x0000000008004148                nl_func_clip_array_f32
                0x0000000008004194                nl_func_hardmax_array_f32
                0x0000000008004278                nl_func_relu_generic_array_f32
                0x0000000008004330                nl_func_relu_thresholded_array_f32
                0x0000000008004368                nl_func_elu_array_f32
                0x00000000080043ec                nl_func_selu_array_f32
                0x0000000008004470                nl_func_prelu_array_f32
                0x00000000080044d0                forward_relu
                0x0000000008004584                forward_relu_thresholded
                0x000000000800464c                forward_elu
                0x000000000800469c                forward_selu
                0x00000000080046ec                forward_prelu
                0x0000000008004810                forward_clip
                0x0000000008004860                forward_hard_sigmoid
                0x0000000008004950                forward_sm
                0x00000000080049a4                forward_hardmax
 .text          0x00000000080049ec      0xe08 ../07_X-Cube_AI/AI/Lib\NetworkRuntime500_CM4_GCC.a(layers_pool_generic_float.o)
                0x00000000080049ec                pool_func_mp_array_f32
                0x0000000008004d5c                pool_func_ap_array_f32
                0x0000000008005138                pool_func_mp_kernel_array_f32
                0x00000000080051f8                pool_func_ap_kernel_array_f32
                0x0000000008005318                forward_mp
                0x0000000008005544                forward_ap
 .text          0x00000000080057f4      0x8f0 ../07_X-Cube_AI/AI/Lib\NetworkRuntime500_CM4_GCC.a(ai_datatypes_format.o)
                0x00000000080057f4                ai_array_fmt_name
                0x000000000800599e                ai_array_fmt_exported
                0x0000000008005a82                ai_array_fmt_valid
                0x0000000008005b68                ai_array_fmt_get_formats
                0x0000000008005b78                ai_buffer_fmt_name
                0x0000000008005c3e                ai_buffer_fmt_valid
                0x0000000008005cac                ai_buffer_fmt_get_formats
                0x0000000008005cb4                ai_array_to_buffer_fmt
                0x0000000008005d60                ai_buffer_to_array_fmt
                0x0000000008005e64                ai_array_get_byte_size
                0x0000000008005eba                ai_array_get_data_byte_size
                0x0000000008005ee2                ai_array_get_elems_from_size
 .text          0x00000000080060e4      0x10c ../07_X-Cube_AI/AI/Lib\NetworkRuntime500_CM4_GCC.a(ai_math_helpers.o)
                0x00000000080060e4                ai_math_sqrt
                0x00000000080060fc                ai_math_exp
                0x0000000008006100                ai_math_pow
                0x0000000008006104                ai_math_tanh
                0x0000000008006108                ai_math_cosh
                0x000000000800610c                ai_math_relu
                0x000000000800611c                ai_math_prelu
                0x000000000800612c                ai_math_sigmoid
                0x000000000800614c                ai_math_hard_sigmoid
                0x0000000008006180                ai_math_sign
                0x00000000080061ac                ai_div
                0x00000000080061b2                ai_floor_div
                0x00000000080061ba                ai_floor_mod
                0x00000000080061be                ai_max
                0x00000000080061ce                ai_min
                0x00000000080061de                ai_mul
                0x00000000080061e4                ai_sub
                0x00000000080061ea                ai_sum
 .text          0x00000000080061f0        0x8 ../07_X-Cube_AI/AI/Lib\NetworkRuntime500_CM4_GCC.a(arm_mat_init_f32.o)
                0x00000000080061f0                arm_mat_init_f32
 .text          0x00000000080061f8       0x9a c:/st/stm32cubeide_1.3.0/stm32cubeide/plugins/com.st.stm32cube.ide.mcu.externaltools.gnu-tools-for-stm32.7-2018-q2-update.win32_1.0.0.201904181610/tools/bin/../lib/gcc/arm-none-eabi/7.3.1/../../../../arm-none-eabi/lib/thumb/v7e-m/fpv4-sp/hard\libc_nano.a(lib_a-aeabi_memset-soft.o)
                0x00000000080061f8                __aeabi_memset8
                0x00000000080061f8                __aeabi_memset4
                0x00000000080061f8                __aeabi_memset
 .text          0x0000000008006292       0x10 c:/st/stm32cubeide_1.3.0/stm32cubeide/plugins/com.st.stm32cube.ide.mcu.externaltools.gnu-tools-for-stm32.7-2018-q2-update.win32_1.0.0.201904181610/tools/bin/../lib/gcc/arm-none-eabi/7.3.1/../../../../arm-none-eabi/lib/thumb/v7e-m/fpv4-sp/hard\libc_nano.a(lib_a-strlen.o)
                0x0000000008006292                strlen
 *fill*         0x00000000080062a2        0x2 
 .text          0x00000000080062a4      0x378 c:/st/stm32cubeide_1.3.0/stm32cubeide/plugins/com.st.stm32cube.ide.mcu.externaltools.gnu-tools-for-stm32.7-2018-q2-update.win32_1.0.0.201904181610/tools/bin/../lib/gcc/arm-none-eabi/7.3.1/thumb/v7e-m/fpv4-sp/hard\libgcc.a(_arm_addsubdf3.o)
                0x00000000080062a4                __aeabi_drsub
                0x00000000080062ac                __aeabi_dsub
                0x00000000080062ac                __subdf3
                0x00000000080062b0                __aeabi_dadd
                0x00000000080062b0                __adddf3
                0x0000000008006528                __floatunsidf
                0x0000000008006528                __aeabi_ui2d
                0x0000000008006548                __floatsidf
                0x0000000008006548                __aeabi_i2d
                0x000000000800656c                __aeabi_f2d
                0x000000000800656c                __extendsfdf2
                0x00000000080065b0                __floatundidf
                0x00000000080065b0                __aeabi_ul2d
                0x00000000080065c0                __floatdidf
                0x00000000080065c0                __aeabi_l2d
 .text          0x000000000800661c      0x424 c:/st/stm32cubeide_1.3.0/stm32cubeide/plugins/com.st.stm32cube.ide.mcu.externaltools.gnu-tools-for-stm32.7-2018-q2-update.win32_1.0.0.201904181610/tools/bin/../lib/gcc/arm-none-eabi/7.3.1/thumb/v7e-m/fpv4-sp/hard\libgcc.a(_arm_muldivdf3.o)
                0x000000000800661c                __aeabi_dmul
                0x000000000800661c                __muldf3
                0x0000000008006870                __divdf3
                0x0000000008006870                __aeabi_ddiv
 .text          0x0000000008006a40      0x110 c:/st/stm32cubeide_1.3.0/stm32cubeide/plugins/com.st.stm32cube.ide.mcu.externaltools.gnu-tools-for-stm32.7-2018-q2-update.win32_1.0.0.201904181610/tools/bin/../lib/gcc/arm-none-eabi/7.3.1/thumb/v7e-m/fpv4-sp/hard\libgcc.a(_arm_cmpdf2.o)
                0x0000000008006a40                __gtdf2
                0x0000000008006a40                __gedf2
                0x0000000008006a48                __ltdf2
                0x0000000008006a48                __ledf2
                0x0000000008006a50                __nedf2
                0x0000000008006a50                __eqdf2
                0x0000000008006a50                __cmpdf2
                0x0000000008006acc                __aeabi_cdrcmple
                0x0000000008006adc                __aeabi_cdcmpeq
                0x0000000008006adc                __aeabi_cdcmple
                0x0000000008006aec                __aeabi_dcmpeq
                0x0000000008006b00                __aeabi_dcmplt
                0x0000000008006b14                __aeabi_dcmple
                0x0000000008006b28                __aeabi_dcmpge
                0x0000000008006b3c                __aeabi_dcmpgt
 .text          0x0000000008006b50       0x40 c:/st/stm32cubeide_1.3.0/stm32cubeide/plugins/com.st.stm32cube.ide.mcu.externaltools.gnu-tools-for-stm32.7-2018-q2-update.win32_1.0.0.201904181610/tools/bin/../lib/gcc/arm-none-eabi/7.3.1/thumb/v7e-m/fpv4-sp/hard\libgcc.a(_arm_fixunsdfsi.o)
                0x0000000008006b50                __aeabi_d2uiz
                0x0000000008006b50                __fixunsdfsi
 .text          0x0000000008006b90       0xa0 c:/st/stm32cubeide_1.3.0/stm32cubeide/plugins/com.st.stm32cube.ide.mcu.externaltools.gnu-tools-for-stm32.7-2018-q2-update.win32_1.0.0.201904181610/tools/bin/../lib/gcc/arm-none-eabi/7.3.1/thumb/v7e-m/fpv4-sp/hard\libgcc.a(_arm_truncdfsf2.o)
                0x0000000008006b90                __truncdfsf2
                0x0000000008006b90                __aeabi_d2f
 .text          0x0000000008006c30       0x30 c:/st/stm32cubeide_1.3.0/stm32cubeide/plugins/com.st.stm32cube.ide.mcu.externaltools.gnu-tools-for-stm32.7-2018-q2-update.win32_1.0.0.201904181610/tools/bin/../lib/gcc/arm-none-eabi/7.3.1/thumb/v7e-m/fpv4-sp/hard\libgcc.a(_aeabi_uldivmod.o)
                0x0000000008006c30                __aeabi_uldivmod
 .text          0x0000000008006c60       0x44 c:/st/stm32cubeide_1.3.0/stm32cubeide/plugins/com.st.stm32cube.ide.mcu.externaltools.gnu-tools-for-stm32.7-2018-q2-update.win32_1.0.0.201904181610/tools/bin/../lib/gcc/arm-none-eabi/7.3.1/thumb/v7e-m/fpv4-sp/hard\libgcc.a(_fixunsdfdi.o)
                0x0000000008006c60                __fixunsdfdi
                0x0000000008006c60                __aeabi_d2ulz
 .text          0x0000000008006ca4      0x2cc c:/st/stm32cubeide_1.3.0/stm32cubeide/plugins/com.st.stm32cube.ide.mcu.externaltools.gnu-tools-for-stm32.7-2018-q2-update.win32_1.0.0.201904181610/tools/bin/../lib/gcc/arm-none-eabi/7.3.1/thumb/v7e-m/fpv4-sp/hard\libgcc.a(_udivmoddi4.o)
                0x0000000008006ca4                __udivmoddi4
 .text          0x0000000008006f70        0x4 c:/st/stm32cubeide_1.3.0/stm32cubeide/plugins/com.st.stm32cube.ide.mcu.externaltools.gnu-tools-for-stm32.7-2018-q2-update.win32_1.0.0.201904181610/tools/bin/../lib/gcc/arm-none-eabi/7.3.1/thumb/v7e-m/fpv4-sp/hard\libgcc.a(_dvmd_tls.o)
                0x0000000008006f70                __aeabi_idiv0
                0x0000000008006f70                __aeabi_ldiv0
 *(.text*)
 .text.Reset_Handler
                0x0000000008006f74       0x54 03_MCU/startup/startup_stm32l431rctx.o
                0x0000000008006f74                Reset_Handler
 .text.Default_Handler
                0x0000000008006fc8        0x2 03_MCU/startup/startup_stm32l431rctx.o
                0x0000000008006fc8                RTC_Alarm_IRQHandler
                0x0000000008006fc8                EXTI2_IRQHandler
                0x0000000008006fc8                DebugMon_Handler
                0x0000000008006fc8                TIM1_CC_IRQHandler
                0x0000000008006fc8                TSC_IRQHandler
                0x0000000008006fc8                HardFault_Handler
                0x0000000008006fc8                SysTick_Handler
                0x0000000008006fc8                TAMP_STAMP_IRQHandler
                0x0000000008006fc8                PendSV_Handler
                0x0000000008006fc8                NMI_Handler
                0x0000000008006fc8                EXTI3_IRQHandler
                0x0000000008006fc8                LPTIM2_IRQHandler
                0x0000000008006fc8                I2C3_ER_IRQHandler
                0x0000000008006fc8                EXTI0_IRQHandler
                0x0000000008006fc8                I2C2_EV_IRQHandler
                0x0000000008006fc8                CAN1_RX0_IRQHandler
                0x0000000008006fc8                FPU_IRQHandler
                0x0000000008006fc8                TIM1_UP_TIM16_IRQHandler
                0x0000000008006fc8                UsageFault_Handler
                0x0000000008006fc8                SPI1_IRQHandler
                0x0000000008006fc8                TIM6_DAC_IRQHandler
                0x0000000008006fc8                DMA2_Channel2_IRQHandler
                0x0000000008006fc8                DMA1_Channel4_IRQHandler
                0x0000000008006fc8                ADC1_IRQHandler
                0x0000000008006fc8                USART3_IRQHandler
                0x0000000008006fc8                DMA1_Channel7_IRQHandler
                0x0000000008006fc8                CAN1_RX1_IRQHandler
                0x0000000008006fc8                DMA2_Channel1_IRQHandler
                0x0000000008006fc8                QUADSPI_IRQHandler
                0x0000000008006fc8                I2C1_EV_IRQHandler
                0x0000000008006fc8                DMA1_Channel6_IRQHandler
                0x0000000008006fc8                DMA2_Channel4_IRQHandler
                0x0000000008006fc8                RCC_IRQHandler
                0x0000000008006fc8                TIM1_TRG_COM_IRQHandler
                0x0000000008006fc8                DMA1_Channel1_IRQHandler
                0x0000000008006fc8                Default_Handler
                0x0000000008006fc8                DMA2_Channel7_IRQHandler
                0x0000000008006fc8                EXTI15_10_IRQHandler
                0x0000000008006fc8                TIM7_IRQHandler
                0x0000000008006fc8                SDMMC1_IRQHandler
                0x0000000008006fc8                I2C3_EV_IRQHandler
                0x0000000008006fc8                RTC_WKUP_IRQHandler
                0x0000000008006fc8                PVD_PVM_IRQHandler
                0x0000000008006fc8                SPI2_IRQHandler
                0x0000000008006fc8                MemManage_Handler
                0x0000000008006fc8                CAN1_TX_IRQHandler
                0x0000000008006fc8                SVC_Handler
                0x0000000008006fc8                DMA2_Channel5_IRQHandler
                0x0000000008006fc8                CRS_IRQHandler
                0x0000000008006fc8                DMA1_Channel5_IRQHandler
                0x0000000008006fc8                EXTI4_IRQHandler
                0x0000000008006fc8                RNG_IRQHandler
                0x0000000008006fc8                DMA1_Channel3_IRQHandler
                0x0000000008006fc8                COMP_IRQHandler
                0x0000000008006fc8                LPUART1_IRQHandler
                0x0000000008006fc8                DMA2_Channel6_IRQHandler
                0x0000000008006fc8                TIM2_IRQHandler
                0x0000000008006fc8                EXTI1_IRQHandler
                0x0000000008006fc8                USART2_IRQHandler
                0x0000000008006fc8                I2C2_ER_IRQHandler
                0x0000000008006fc8                DMA1_Channel2_IRQHandler
                0x0000000008006fc8                CAN1_SCE_IRQHandler
                0x0000000008006fc8                FLASH_IRQHandler
                0x0000000008006fc8                BusFault_Handler
                0x0000000008006fc8                USART1_IRQHandler
                0x0000000008006fc8                SPI3_IRQHandler
                0x0000000008006fc8                I2C1_ER_IRQHandler
                0x0000000008006fc8                SWPMI1_IRQHandler
                0x0000000008006fc8                LPTIM1_IRQHandler
                0x0000000008006fc8                SAI1_IRQHandler
                0x0000000008006fc8                DMA2_Channel3_IRQHandler
                0x0000000008006fc8                TIM1_BRK_TIM15_IRQHandler
 *fill*         0x0000000008006fca        0x2 
 .text.SystemInit
                0x0000000008006fcc       0x6c 03_MCU/startup/system_stm32l4xx.o
                0x0000000008006fcc                SystemInit
 .text.SysClock_Config
                0x0000000008007038       0xc8 03_MCU/startup/system_stm32l4xx.o
                0x0000000008007038                SysClock_Config
 .text.BIOS_API_Init
                0x0000000008007100       0xa8 04_GEC/bios_api.o
                0x0000000008007100                BIOS_API_Init
 .text.out_char
                0x00000000080071a8       0x28 05_UserBoard/printf.o
                0x00000000080071a8                out_char
 .text.printk_putc
                0x00000000080071d0       0x50 05_UserBoard/printf.o
 .text.printk_mkfloatstr
                0x0000000008007220      0x31c 05_UserBoard/printf.o
                0x0000000008007220                printk_mkfloatstr
 .text.printk_mknumstr
                0x000000000800753c       0xfe 05_UserBoard/printf.o
 .text.printk_pad_zero
                0x000000000800763a       0x34 05_UserBoard/printf.o
 .text.printk_pad_space
                0x000000000800766e       0x34 05_UserBoard/printf.o
 *fill*         0x00000000080076a2        0x2 
 .text.printk   0x00000000080076a4      0x9a0 05_UserBoard/printf.o
                0x00000000080076a4                printk
 .text.myprintf
                0x0000000008008044       0x3c 05_UserBoard/printf.o
                0x0000000008008044                myprintf
 .text.Delay_ms
                0x0000000008008080       0x36 06_SoftComponent/common.o
                0x0000000008008080                Delay_ms
 *fill*         0x00000000080080b6        0x2 
 .text.aiInit   0x00000000080080b8       0xbc 07_X-Cube_AI/app_x-cube-ai.o
                0x00000000080080b8                aiInit
 .text.aiRun    0x0000000008008174       0x80 07_X-Cube_AI/app_x-cube-ai.o
                0x0000000008008174                aiRun
 .text.MX_X_CUBE_AI_Init
                0x00000000080081f4       0x14 07_X-Cube_AI/app_x-cube-ai.o
                0x00000000080081f4                MX_X_CUBE_AI_Init
 .text.MX_X_CUBE_AI_Process
                0x0000000008008208      0x184 07_X-Cube_AI/app_x-cube-ai.o
                0x0000000008008208                MX_X_CUBE_AI_Process
 .text.network_cnn_configure_activations
                0x000000000800838c      0x118 07_X-Cube_AI/network_cnn.o
 .text.network_cnn_configure_weights
                0x00000000080084a4      0x19c 07_X-Cube_AI/network_cnn.o
 .text.ai_network_cnn_get_error
                0x0000000008008640       0x18 07_X-Cube_AI/network_cnn.o
                0x0000000008008640                ai_network_cnn_get_error
 .text.ai_network_cnn_create
                0x0000000008008658       0x2c 07_X-Cube_AI/network_cnn.o
                0x0000000008008658                ai_network_cnn_create
 .text.ai_network_cnn_destroy
                0x0000000008008684       0x18 07_X-Cube_AI/network_cnn.o
                0x0000000008008684                ai_network_cnn_destroy
 .text.ai_network_cnn_init
                0x000000000800869c       0x66 07_X-Cube_AI/network_cnn.o
                0x000000000800869c                ai_network_cnn_init
 .text.ai_network_cnn_run
                0x0000000008008702       0x20 07_X-Cube_AI/network_cnn.o
                0x0000000008008702                ai_network_cnn_run
 *fill*         0x0000000008008722        0x2 
 .text.ai_network_cnn_data_weights_get
                0x0000000008008724       0x14 07_X-Cube_AI/network_cnn_data.o
                0x0000000008008724                ai_network_cnn_data_weights_get
 .text.EXTI9_5_IRQHandler
                0x0000000008008738       0x12 08_NosPrg/isr.o
                0x0000000008008738                EXTI9_5_IRQHandler
 *fill*         0x000000000800874a        0x2 
 .text.WWDG_IRQHandler
                0x000000000800874c       0x1c 08_NosPrg/isr.o
                0x000000000800874c                WWDG_IRQHandler
 .text.main     0x0000000008008768       0x18 08_NosPrg/main.o
                0x0000000008008768                main
 .text.__aeabi_memclr
                0x0000000008008780        0x6 c:/st/stm32cubeide_1.3.0/stm32cubeide/plugins/com.st.stm32cube.ide.mcu.externaltools.gnu-tools-for-stm32.7-2018-q2-update.win32_1.0.0.201904181610/tools/bin/../lib/gcc/arm-none-eabi/7.3.1/../../../../arm-none-eabi/lib/thumb/v7e-m/fpv4-sp/hard\libc_nano.a(lib_a-aeabi_memclr.o)
                0x0000000008008780                __aeabi_memclr
                0x0000000008008780                __aeabi_memclr4
                0x0000000008008780                __aeabi_memclr8
 .text.__aeabi_memcpy
                0x0000000008008786        0x4 c:/st/stm32cubeide_1.3.0/stm32cubeide/plugins/com.st.stm32cube.ide.mcu.externaltools.gnu-tools-for-stm32.7-2018-q2-update.win32_1.0.0.201904181610/tools/bin/../lib/gcc/arm-none-eabi/7.3.1/../../../../arm-none-eabi/lib/thumb/v7e-m/fpv4-sp/hard\libc_nano.a(lib_a-aeabi_memcpy.o)
                0x0000000008008786                __aeabi_memcpy4
                0x0000000008008786                __aeabi_memcpy8
                0x0000000008008786                __aeabi_memcpy
 *fill*         0x000000000800878a        0x2 
 .text.__libc_init_array
                0x000000000800878c       0x48 c:/st/stm32cubeide_1.3.0/stm32cubeide/plugins/com.st.stm32cube.ide.mcu.externaltools.gnu-tools-for-stm32.7-2018-q2-update.win32_1.0.0.201904181610/tools/bin/../lib/gcc/arm-none-eabi/7.3.1/../../../../arm-none-eabi/lib/thumb/v7e-m/fpv4-sp/hard\libc_nano.a(lib_a-init.o)
                0x000000000800878c                __libc_init_array
 .text.memcmp   0x00000000080087d4       0x1e c:/st/stm32cubeide_1.3.0/stm32cubeide/plugins/com.st.stm32cube.ide.mcu.externaltools.gnu-tools-for-stm32.7-2018-q2-update.win32_1.0.0.201904181610/tools/bin/../lib/gcc/arm-none-eabi/7.3.1/../../../../arm-none-eabi/lib/thumb/v7e-m/fpv4-sp/hard\libc_nano.a(lib_a-memcmp.o)
                0x00000000080087d4                memcmp
 .text.memcpy   0x00000000080087f2       0x16 c:/st/stm32cubeide_1.3.0/stm32cubeide/plugins/com.st.stm32cube.ide.mcu.externaltools.gnu-tools-for-stm32.7-2018-q2-update.win32_1.0.0.201904181610/tools/bin/../lib/gcc/arm-none-eabi/7.3.1/../../../../arm-none-eabi/lib/thumb/v7e-m/fpv4-sp/hard\libc_nano.a(lib_a-memcpy-stub.o)
                0x00000000080087f2                memcpy
 .text.memset   0x0000000008008808       0x10 c:/st/stm32cubeide_1.3.0/stm32cubeide/plugins/com.st.stm32cube.ide.mcu.externaltools.gnu-tools-for-stm32.7-2018-q2-update.win32_1.0.0.201904181610/tools/bin/../lib/gcc/arm-none-eabi/7.3.1/../../../../arm-none-eabi/lib/thumb/v7e-m/fpv4-sp/hard\libc_nano.a(lib_a-memset.o)
                0x0000000008008808                memset
 .text.rand     0x0000000008008818       0x68 c:/st/stm32cubeide_1.3.0/stm32cubeide/plugins/com.st.stm32cube.ide.mcu.externaltools.gnu-tools-for-stm32.7-2018-q2-update.win32_1.0.0.201904181610/tools/bin/../lib/gcc/arm-none-eabi/7.3.1/../../../../arm-none-eabi/lib/thumb/v7e-m/fpv4-sp/hard\libc_nano.a(lib_a-rand.o)
                0x0000000008008818                rand
 .text.malloc   0x0000000008008880       0x10 c:/st/stm32cubeide_1.3.0/stm32cubeide/plugins/com.st.stm32cube.ide.mcu.externaltools.gnu-tools-for-stm32.7-2018-q2-update.win32_1.0.0.201904181610/tools/bin/../lib/gcc/arm-none-eabi/7.3.1/../../../../arm-none-eabi/lib/thumb/v7e-m/fpv4-sp/hard\libc_nano.a(lib_a-malloc.o)
                0x0000000008008880                malloc
 .text._malloc_r
                0x0000000008008890       0xb4 c:/st/stm32cubeide_1.3.0/stm32cubeide/plugins/com.st.stm32cube.ide.mcu.externaltools.gnu-tools-for-stm32.7-2018-q2-update.win32_1.0.0.201904181610/tools/bin/../lib/gcc/arm-none-eabi/7.3.1/../../../../arm-none-eabi/lib/thumb/v7e-m/fpv4-sp/hard\libc_nano.a(lib_a-nano-mallocr.o)
                0x0000000008008890                _malloc_r
 .text._sbrk_r  0x0000000008008944       0x20 c:/st/stm32cubeide_1.3.0/stm32cubeide/plugins/com.st.stm32cube.ide.mcu.externaltools.gnu-tools-for-stm32.7-2018-q2-update.win32_1.0.0.201904181610/tools/bin/../lib/gcc/arm-none-eabi/7.3.1/../../../../arm-none-eabi/lib/thumb/v7e-m/fpv4-sp/hard\libc_nano.a(lib_a-sbrkr.o)
                0x0000000008008944                _sbrk_r
 .text.__malloc_lock
                0x0000000008008964        0x2 c:/st/stm32cubeide_1.3.0/stm32cubeide/plugins/com.st.stm32cube.ide.mcu.externaltools.gnu-tools-for-stm32.7-2018-q2-update.win32_1.0.0.201904181610/tools/bin/../lib/gcc/arm-none-eabi/7.3.1/../../../../arm-none-eabi/lib/thumb/v7e-m/fpv4-sp/hard\libc_nano.a(lib_a-mlock.o)
                0x0000000008008964                __malloc_lock
 .text.__malloc_unlock
                0x0000000008008966        0x2 c:/st/stm32cubeide_1.3.0/stm32cubeide/plugins/com.st.stm32cube.ide.mcu.externaltools.gnu-tools-for-stm32.7-2018-q2-update.win32_1.0.0.201904181610/tools/bin/../lib/gcc/arm-none-eabi/7.3.1/../../../../arm-none-eabi/lib/thumb/v7e-m/fpv4-sp/hard\libc_nano.a(lib_a-mlock.o)
                0x0000000008008966                __malloc_unlock
 .text.asinhf   0x0000000008008968       0xd0 c:/st/stm32cubeide_1.3.0/stm32cubeide/plugins/com.st.stm32cube.ide.mcu.externaltools.gnu-tools-for-stm32.7-2018-q2-update.win32_1.0.0.201904181610/tools/bin/../lib/gcc/arm-none-eabi/7.3.1/../../../../arm-none-eabi/lib/thumb/v7e-m/fpv4-sp/hard\libm.a(lib_a-sf_asinh.o)
                0x0000000008008968                asinhf
 .text.atanf    0x0000000008008a38      0x1a8 c:/st/stm32cubeide_1.3.0/stm32cubeide/plugins/com.st.stm32cube.ide.mcu.externaltools.gnu-tools-for-stm32.7-2018-q2-update.win32_1.0.0.201904181610/tools/bin/../lib/gcc/arm-none-eabi/7.3.1/../../../../arm-none-eabi/lib/thumb/v7e-m/fpv4-sp/hard\libm.a(lib_a-sf_atan.o)
                0x0000000008008a38                atanf
 .text.ceilf    0x0000000008008be0       0x80 c:/st/stm32cubeide_1.3.0/stm32cubeide/plugins/com.st.stm32cube.ide.mcu.externaltools.gnu-tools-for-stm32.7-2018-q2-update.win32_1.0.0.201904181610/tools/bin/../lib/gcc/arm-none-eabi/7.3.1/../../../../arm-none-eabi/lib/thumb/v7e-m/fpv4-sp/hard\libm.a(lib_a-sf_ceil.o)
                0x0000000008008be0                ceilf
 .text.cosf     0x0000000008008c60       0x80 c:/st/stm32cubeide_1.3.0/stm32cubeide/plugins/com.st.stm32cube.ide.mcu.externaltools.gnu-tools-for-stm32.7-2018-q2-update.win32_1.0.0.201904181610/tools/bin/../lib/gcc/arm-none-eabi/7.3.1/../../../../arm-none-eabi/lib/thumb/v7e-m/fpv4-sp/hard\libm.a(lib_a-sf_cos.o)
                0x0000000008008c60                cosf
 .text.erff     0x0000000008008ce0      0x3c0 c:/st/stm32cubeide_1.3.0/stm32cubeide/plugins/com.st.stm32cube.ide.mcu.externaltools.gnu-tools-for-stm32.7-2018-q2-update.win32_1.0.0.201904181610/tools/bin/../lib/gcc/arm-none-eabi/7.3.1/../../../../arm-none-eabi/lib/thumb/v7e-m/fpv4-sp/hard\libm.a(lib_a-sf_erf.o)
                0x0000000008008ce0                erff
 .text.fabsf    0x00000000080090a0        0xe c:/st/stm32cubeide_1.3.0/stm32cubeide/plugins/com.st.stm32cube.ide.mcu.externaltools.gnu-tools-for-stm32.7-2018-q2-update.win32_1.0.0.201904181610/tools/bin/../lib/gcc/arm-none-eabi/7.3.1/../../../../arm-none-eabi/lib/thumb/v7e-m/fpv4-sp/hard\libm.a(lib_a-sf_fabs.o)
                0x00000000080090a0                fabsf
 *fill*         0x00000000080090ae        0x2 
 .text.floorf   0x00000000080090b0       0x84 c:/st/stm32cubeide_1.3.0/stm32cubeide/plugins/com.st.stm32cube.ide.mcu.externaltools.gnu-tools-for-stm32.7-2018-q2-update.win32_1.0.0.201904181610/tools/bin/../lib/gcc/arm-none-eabi/7.3.1/../../../../arm-none-eabi/lib/thumb/v7e-m/fpv4-sp/hard\libm.a(lib_a-sf_floor.o)
                0x00000000080090b0                floorf
 .text.log1pf   0x0000000008009134      0x210 c:/st/stm32cubeide_1.3.0/stm32cubeide/plugins/com.st.stm32cube.ide.mcu.externaltools.gnu-tools-for-stm32.7-2018-q2-update.win32_1.0.0.201904181610/tools/bin/../lib/gcc/arm-none-eabi/7.3.1/../../../../arm-none-eabi/lib/thumb/v7e-m/fpv4-sp/hard\libm.a(lib_a-sf_log1p.o)
                0x0000000008009134                log1pf
 .text.roundf   0x0000000008009344       0x4c c:/st/stm32cubeide_1.3.0/stm32cubeide/plugins/com.st.stm32cube.ide.mcu.externaltools.gnu-tools-for-stm32.7-2018-q2-update.win32_1.0.0.201904181610/tools/bin/../lib/gcc/arm-none-eabi/7.3.1/../../../../arm-none-eabi/lib/thumb/v7e-m/fpv4-sp/hard\libm.a(lib_a-sf_round.o)
                0x0000000008009344                roundf
 .text.sinf     0x0000000008009390       0x84 c:/st/stm32cubeide_1.3.0/stm32cubeide/plugins/com.st.stm32cube.ide.mcu.externaltools.gnu-tools-for-stm32.7-2018-q2-update.win32_1.0.0.201904181610/tools/bin/../lib/gcc/arm-none-eabi/7.3.1/../../../../arm-none-eabi/lib/thumb/v7e-m/fpv4-sp/hard\libm.a(lib_a-sf_sin.o)
                0x0000000008009390                sinf
 .text.tanf     0x0000000008009414       0x50 c:/st/stm32cubeide_1.3.0/stm32cubeide/plugins/com.st.stm32cube.ide.mcu.externaltools.gnu-tools-for-stm32.7-2018-q2-update.win32_1.0.0.201904181610/tools/bin/../lib/gcc/arm-none-eabi/7.3.1/../../../../arm-none-eabi/lib/thumb/v7e-m/fpv4-sp/hard\libm.a(lib_a-sf_tan.o)
                0x0000000008009414                tanf
 .text.tanhf    0x0000000008009464       0xa4 c:/st/stm32cubeide_1.3.0/stm32cubeide/plugins/com.st.stm32cube.ide.mcu.externaltools.gnu-tools-for-stm32.7-2018-q2-update.win32_1.0.0.201904181610/tools/bin/../lib/gcc/arm-none-eabi/7.3.1/../../../../arm-none-eabi/lib/thumb/v7e-m/fpv4-sp/hard\libm.a(lib_a-sf_tanh.o)
                0x0000000008009464                tanhf
 .text.acosf    0x0000000008009508       0xb0 c:/st/stm32cubeide_1.3.0/stm32cubeide/plugins/com.st.stm32cube.ide.mcu.externaltools.gnu-tools-for-stm32.7-2018-q2-update.win32_1.0.0.201904181610/tools/bin/../lib/gcc/arm-none-eabi/7.3.1/../../../../arm-none-eabi/lib/thumb/v7e-m/fpv4-sp/hard\libm.a(lib_a-wf_acos.o)
                0x0000000008009508                acosf
 .text.acoshf   0x00000000080095b8       0xa0 c:/st/stm32cubeide_1.3.0/stm32cubeide/plugins/com.st.stm32cube.ide.mcu.externaltools.gnu-tools-for-stm32.7-2018-q2-update.win32_1.0.0.201904181610/tools/bin/../lib/gcc/arm-none-eabi/7.3.1/../../../../arm-none-eabi/lib/thumb/v7e-m/fpv4-sp/hard\libm.a(lib_a-wf_acosh.o)
                0x00000000080095b8                acoshf
 .text.asinf    0x0000000008009658       0xb0 c:/st/stm32cubeide_1.3.0/stm32cubeide/plugins/com.st.stm32cube.ide.mcu.externaltools.gnu-tools-for-stm32.7-2018-q2-update.win32_1.0.0.201904181610/tools/bin/../lib/gcc/arm-none-eabi/7.3.1/../../../../arm-none-eabi/lib/thumb/v7e-m/fpv4-sp/hard\libm.a(lib_a-wf_asin.o)
                0x0000000008009658                asinf
 .text.atanhf   0x0000000008009708       0xe8 c:/st/stm32cubeide_1.3.0/stm32cubeide/plugins/com.st.stm32cube.ide.mcu.externaltools.gnu-tools-for-stm32.7-2018-q2-update.win32_1.0.0.201904181610/tools/bin/../lib/gcc/arm-none-eabi/7.3.1/../../../../arm-none-eabi/lib/thumb/v7e-m/fpv4-sp/hard\libm.a(lib_a-wf_atanh.o)
                0x0000000008009708                atanhf
 .text.coshf    0x00000000080097f0       0xc0 c:/st/stm32cubeide_1.3.0/stm32cubeide/plugins/com.st.stm32cube.ide.mcu.externaltools.gnu-tools-for-stm32.7-2018-q2-update.win32_1.0.0.201904181610/tools/bin/../lib/gcc/arm-none-eabi/7.3.1/../../../../arm-none-eabi/lib/thumb/v7e-m/fpv4-sp/hard\libm.a(lib_a-wf_cosh.o)
                0x00000000080097f0                coshf
 .text.expf     0x00000000080098b0       0xf4 c:/st/stm32cubeide_1.3.0/stm32cubeide/plugins/com.st.stm32cube.ide.mcu.externaltools.gnu-tools-for-stm32.7-2018-q2-update.win32_1.0.0.201904181610/tools/bin/../lib/gcc/arm-none-eabi/7.3.1/../../../../arm-none-eabi/lib/thumb/v7e-m/fpv4-sp/hard\libm.a(lib_a-wf_exp.o)
                0x00000000080098b0                expf
 .text.fmodf    0x00000000080099a4       0xb8 c:/st/stm32cubeide_1.3.0/stm32cubeide/plugins/com.st.stm32cube.ide.mcu.externaltools.gnu-tools-for-stm32.7-2018-q2-update.win32_1.0.0.201904181610/tools/bin/../lib/gcc/arm-none-eabi/7.3.1/../../../../arm-none-eabi/lib/thumb/v7e-m/fpv4-sp/hard\libm.a(lib_a-wf_fmod.o)
                0x00000000080099a4                fmodf
 .text.logf     0x0000000008009a5c       0xec c:/st/stm32cubeide_1.3.0/stm32cubeide/plugins/com.st.stm32cube.ide.mcu.externaltools.gnu-tools-for-stm32.7-2018-q2-update.win32_1.0.0.201904181610/tools/bin/../lib/gcc/arm-none-eabi/7.3.1/../../../../arm-none-eabi/lib/thumb/v7e-m/fpv4-sp/hard\libm.a(lib_a-wf_log.o)
                0x0000000008009a5c                logf
 .text.powf     0x0000000008009b48      0x2c8 c:/st/stm32cubeide_1.3.0/stm32cubeide/plugins/com.st.stm32cube.ide.mcu.externaltools.gnu-tools-for-stm32.7-2018-q2-update.win32_1.0.0.201904181610/tools/bin/../lib/gcc/arm-none-eabi/7.3.1/../../../../arm-none-eabi/lib/thumb/v7e-m/fpv4-sp/hard\libm.a(lib_a-wf_pow.o)
                0x0000000008009b48                powf
 .text.sinhf    0x0000000008009e10       0xcc c:/st/stm32cubeide_1.3.0/stm32cubeide/plugins/com.st.stm32cube.ide.mcu.externaltools.gnu-tools-for-stm32.7-2018-q2-update.win32_1.0.0.201904181610/tools/bin/../lib/gcc/arm-none-eabi/7.3.1/../../../../arm-none-eabi/lib/thumb/v7e-m/fpv4-sp/hard\libm.a(lib_a-wf_sinh.o)
                0x0000000008009e10                sinhf
 .text.__ieee754_acosf
                0x0000000008009edc      0x1f8 c:/st/stm32cubeide_1.3.0/stm32cubeide/plugins/com.st.stm32cube.ide.mcu.externaltools.gnu-tools-for-stm32.7-2018-q2-update.win32_1.0.0.201904181610/tools/bin/../lib/gcc/arm-none-eabi/7.3.1/../../../../arm-none-eabi/lib/thumb/v7e-m/fpv4-sp/hard\libm.a(lib_a-ef_acos.o)
                0x0000000008009edc                __ieee754_acosf
 .text.__ieee754_acoshf
                0x000000000800a0d4       0xa8 c:/st/stm32cubeide_1.3.0/stm32cubeide/plugins/com.st.stm32cube.ide.mcu.externaltools.gnu-tools-for-stm32.7-2018-q2-update.win32_1.0.0.201904181610/tools/bin/../lib/gcc/arm-none-eabi/7.3.1/../../../../arm-none-eabi/lib/thumb/v7e-m/fpv4-sp/hard\libm.a(lib_a-ef_acosh.o)
                0x000000000800a0d4                __ieee754_acoshf
 .text.__ieee754_asinf
                0x000000000800a17c      0x1d0 c:/st/stm32cubeide_1.3.0/stm32cubeide/plugins/com.st.stm32cube.ide.mcu.externaltools.gnu-tools-for-stm32.7-2018-q2-update.win32_1.0.0.201904181610/tools/bin/../lib/gcc/arm-none-eabi/7.3.1/../../../../arm-none-eabi/lib/thumb/v7e-m/fpv4-sp/hard\libm.a(lib_a-ef_asin.o)
                0x000000000800a17c                __ieee754_asinf
 .text.__ieee754_atanhf
                0x000000000800a34c       0x8c c:/st/stm32cubeide_1.3.0/stm32cubeide/plugins/com.st.stm32cube.ide.mcu.externaltools.gnu-tools-for-stm32.7-2018-q2-update.win32_1.0.0.201904181610/tools/bin/../lib/gcc/arm-none-eabi/7.3.1/../../../../arm-none-eabi/lib/thumb/v7e-m/fpv4-sp/hard\libm.a(lib_a-ef_atanh.o)
                0x000000000800a34c                __ieee754_atanhf
 .text.__ieee754_coshf
                0x000000000800a3d8       0xc8 c:/st/stm32cubeide_1.3.0/stm32cubeide/plugins/com.st.stm32cube.ide.mcu.externaltools.gnu-tools-for-stm32.7-2018-q2-update.win32_1.0.0.201904181610/tools/bin/../lib/gcc/arm-none-eabi/7.3.1/../../../../arm-none-eabi/lib/thumb/v7e-m/fpv4-sp/hard\libm.a(lib_a-ef_cosh.o)
                0x000000000800a3d8                __ieee754_coshf
 .text.__ieee754_expf
                0x000000000800a4a0      0x1a8 c:/st/stm32cubeide_1.3.0/stm32cubeide/plugins/com.st.stm32cube.ide.mcu.externaltools.gnu-tools-for-stm32.7-2018-q2-update.win32_1.0.0.201904181610/tools/bin/../lib/gcc/arm-none-eabi/7.3.1/../../../../arm-none-eabi/lib/thumb/v7e-m/fpv4-sp/hard\libm.a(lib_a-ef_exp.o)
                0x000000000800a4a0                __ieee754_expf
 .text.__ieee754_fmodf
                0x000000000800a648      0x110 c:/st/stm32cubeide_1.3.0/stm32cubeide/plugins/com.st.stm32cube.ide.mcu.externaltools.gnu-tools-for-stm32.7-2018-q2-update.win32_1.0.0.201904181610/tools/bin/../lib/gcc/arm-none-eabi/7.3.1/../../../../arm-none-eabi/lib/thumb/v7e-m/fpv4-sp/hard\libm.a(lib_a-ef_fmod.o)
                0x000000000800a648                __ieee754_fmodf
 .text.__ieee754_logf
                0x000000000800a758      0x1dc c:/st/stm32cubeide_1.3.0/stm32cubeide/plugins/com.st.stm32cube.ide.mcu.externaltools.gnu-tools-for-stm32.7-2018-q2-update.win32_1.0.0.201904181610/tools/bin/../lib/gcc/arm-none-eabi/7.3.1/../../../../arm-none-eabi/lib/thumb/v7e-m/fpv4-sp/hard\libm.a(lib_a-ef_log.o)
                0x000000000800a758                __ieee754_logf
 .text.__ieee754_powf
                0x000000000800a934      0x580 c:/st/stm32cubeide_1.3.0/stm32cubeide/plugins/com.st.stm32cube.ide.mcu.externaltools.gnu-tools-for-stm32.7-2018-q2-update.win32_1.0.0.201904181610/tools/bin/../lib/gcc/arm-none-eabi/7.3.1/../../../../arm-none-eabi/lib/thumb/v7e-m/fpv4-sp/hard\libm.a(lib_a-ef_pow.o)
                0x000000000800a934                __ieee754_powf
 .text.__ieee754_rem_pio2f
                0x000000000800aeb4      0x258 c:/st/stm32cubeide_1.3.0/stm32cubeide/plugins/com.st.stm32cube.ide.mcu.externaltools.gnu-tools-for-stm32.7-2018-q2-update.win32_1.0.0.201904181610/tools/bin/../lib/gcc/arm-none-eabi/7.3.1/../../../../arm-none-eabi/lib/thumb/v7e-m/fpv4-sp/hard\libm.a(lib_a-ef_rem_pio2.o)
                0x000000000800aeb4                __ieee754_rem_pio2f
 .text.__ieee754_sinhf
                0x000000000800b10c       0xdc c:/st/stm32cubeide_1.3.0/stm32cubeide/plugins/com.st.stm32cube.ide.mcu.externaltools.gnu-tools-for-stm32.7-2018-q2-update.win32_1.0.0.201904181610/tools/bin/../lib/gcc/arm-none-eabi/7.3.1/../../../../arm-none-eabi/lib/thumb/v7e-m/fpv4-sp/hard\libm.a(lib_a-ef_sinh.o)
                0x000000000800b10c                __ieee754_sinhf
 .text.__ieee754_sqrtf
                0x000000000800b1e8        0x6 c:/st/stm32cubeide_1.3.0/stm32cubeide/plugins/com.st.stm32cube.ide.mcu.externaltools.gnu-tools-for-stm32.7-2018-q2-update.win32_1.0.0.201904181610/tools/bin/../lib/gcc/arm-none-eabi/7.3.1/../../../../arm-none-eabi/lib/thumb/v7e-m/fpv4-sp/hard\libm.a(lib_a-ef_sqrt.o)
                0x000000000800b1e8                __ieee754_sqrtf
 *fill*         0x000000000800b1ee        0x2 
 .text.__kernel_cosf
                0x000000000800b1f0       0xbc c:/st/stm32cubeide_1.3.0/stm32cubeide/plugins/com.st.stm32cube.ide.mcu.externaltools.gnu-tools-for-stm32.7-2018-q2-update.win32_1.0.0.201904181610/tools/bin/../lib/gcc/arm-none-eabi/7.3.1/../../../../arm-none-eabi/lib/thumb/v7e-m/fpv4-sp/hard\libm.a(lib_a-kf_cos.o)
                0x000000000800b1f0                __kernel_cosf
 .text.__kernel_rem_pio2f
                0x000000000800b2ac      0x504 c:/st/stm32cubeide_1.3.0/stm32cubeide/plugins/com.st.stm32cube.ide.mcu.externaltools.gnu-tools-for-stm32.7-2018-q2-update.win32_1.0.0.201904181610/tools/bin/../lib/gcc/arm-none-eabi/7.3.1/../../../../arm-none-eabi/lib/thumb/v7e-m/fpv4-sp/hard\libm.a(lib_a-kf_rem_pio2.o)
                0x000000000800b2ac                __kernel_rem_pio2f
 .text.__kernel_sinf
                0x000000000800b7b0       0x90 c:/st/stm32cubeide_1.3.0/stm32cubeide/plugins/com.st.stm32cube.ide.mcu.externaltools.gnu-tools-for-stm32.7-2018-q2-update.win32_1.0.0.201904181610/tools/bin/../lib/gcc/arm-none-eabi/7.3.1/../../../../arm-none-eabi/lib/thumb/v7e-m/fpv4-sp/hard\libm.a(lib_a-kf_sin.o)
                0x000000000800b7b0                __kernel_sinf
 .text.__kernel_tanf
                0x000000000800b840      0x1c8 c:/st/stm32cubeide_1.3.0/stm32cubeide/plugins/com.st.stm32cube.ide.mcu.externaltools.gnu-tools-for-stm32.7-2018-q2-update.win32_1.0.0.201904181610/tools/bin/../lib/gcc/arm-none-eabi/7.3.1/../../../../arm-none-eabi/lib/thumb/v7e-m/fpv4-sp/hard\libm.a(lib_a-kf_tan.o)
                0x000000000800b840                __kernel_tanf
 .text.matherr  0x000000000800ba08        0x4 c:/st/stm32cubeide_1.3.0/stm32cubeide/plugins/com.st.stm32cube.ide.mcu.externaltools.gnu-tools-for-stm32.7-2018-q2-update.win32_1.0.0.201904181610/tools/bin/../lib/gcc/arm-none-eabi/7.3.1/../../../../arm-none-eabi/lib/thumb/v7e-m/fpv4-sp/hard\libm.a(lib_a-s_matherr.o)
                0x000000000800ba08                matherr
 *fill*         0x000000000800ba0c        0x4 
 .text.nan      0x000000000800ba10       0x10 c:/st/stm32cubeide_1.3.0/stm32cubeide/plugins/com.st.stm32cube.ide.mcu.externaltools.gnu-tools-for-stm32.7-2018-q2-update.win32_1.0.0.201904181610/tools/bin/../lib/gcc/arm-none-eabi/7.3.1/../../../../arm-none-eabi/lib/thumb/v7e-m/fpv4-sp/hard\libm.a(lib_a-s_nan.o)
                0x000000000800ba10                nan
 .text.expm1f   0x000000000800ba20      0x258 c:/st/stm32cubeide_1.3.0/stm32cubeide/plugins/com.st.stm32cube.ide.mcu.externaltools.gnu-tools-for-stm32.7-2018-q2-update.win32_1.0.0.201904181610/tools/bin/../lib/gcc/arm-none-eabi/7.3.1/../../../../arm-none-eabi/lib/thumb/v7e-m/fpv4-sp/hard\libm.a(lib_a-sf_expm1.o)
                0x000000000800ba20                expm1f
 .text.finitef  0x000000000800bc78       0x14 c:/st/stm32cubeide_1.3.0/stm32cubeide/plugins/com.st.stm32cube.ide.mcu.externaltools.gnu-tools-for-stm32.7-2018-q2-update.win32_1.0.0.201904181610/tools/bin/../lib/gcc/arm-none-eabi/7.3.1/../../../../arm-none-eabi/lib/thumb/v7e-m/fpv4-sp/hard\libm.a(lib_a-sf_finite.o)
                0x000000000800bc78                finitef
 .text.nanf     0x000000000800bc8c        0xc c:/st/stm32cubeide_1.3.0/stm32cubeide/plugins/com.st.stm32cube.ide.mcu.externaltools.gnu-tools-for-stm32.7-2018-q2-update.win32_1.0.0.201904181610/tools/bin/../lib/gcc/arm-none-eabi/7.3.1/../../../../arm-none-eabi/lib/thumb/v7e-m/fpv4-sp/hard\libm.a(lib_a-sf_nan.o)
                0x000000000800bc8c                nanf
 .text.rintf    0x000000000800bc98       0xb4 c:/st/stm32cubeide_1.3.0/stm32cubeide/plugins/com.st.stm32cube.ide.mcu.externaltools.gnu-tools-for-stm32.7-2018-q2-update.win32_1.0.0.201904181610/tools/bin/../lib/gcc/arm-none-eabi/7.3.1/../../../../arm-none-eabi/lib/thumb/v7e-m/fpv4-sp/hard\libm.a(lib_a-sf_rint.o)
                0x000000000800bc98                rintf
 .text.scalbnf  0x000000000800bd4c       0xc0 c:/st/stm32cubeide_1.3.0/stm32cubeide/plugins/com.st.stm32cube.ide.mcu.externaltools.gnu-tools-for-stm32.7-2018-q2-update.win32_1.0.0.201904181610/tools/bin/../lib/gcc/arm-none-eabi/7.3.1/../../../../arm-none-eabi/lib/thumb/v7e-m/fpv4-sp/hard\libm.a(lib_a-sf_scalbn.o)
                0x000000000800bd4c                scalbnf
 .text.copysignf
                0x000000000800be0c       0x18 c:/st/stm32cubeide_1.3.0/stm32cubeide/plugins/com.st.stm32cube.ide.mcu.externaltools.gnu-tools-for-stm32.7-2018-q2-update.win32_1.0.0.201904181610/tools/bin/../lib/gcc/arm-none-eabi/7.3.1/../../../../arm-none-eabi/lib/thumb/v7e-m/fpv4-sp/hard\libm.a(lib_a-sf_copysign.o)
                0x000000000800be0c                copysignf
 .text.__errno  0x000000000800be24        0xc c:/st/stm32cubeide_1.3.0/stm32cubeide/plugins/com.st.stm32cube.ide.mcu.externaltools.gnu-tools-for-stm32.7-2018-q2-update.win32_1.0.0.201904181610/tools/bin/../lib/gcc/arm-none-eabi/7.3.1/../../../../arm-none-eabi/lib/thumb/v7e-m/fpv4-sp/hard\libc_nano.a(lib_a-errno.o)
                0x000000000800be24                __errno
 .text._sbrk    0x000000000800be30       0x1c c:/st/stm32cubeide_1.3.0/stm32cubeide/plugins/com.st.stm32cube.ide.mcu.externaltools.gnu-tools-for-stm32.7-2018-q2-update.win32_1.0.0.201904181610/tools/bin/../lib/gcc/arm-none-eabi/7.3.1/../../../../arm-none-eabi/lib/thumb/v7e-m/fpv4-sp/hard\libnosys.a(sbrk.o)
                0x000000000800be30                _sbrk
 *(.glue_7)
 .glue_7        0x000000000800be4c        0x0 linker stubs
 *(.glue_7t)
 .glue_7t       0x000000000800be4c        0x0 linker stubs
 *(.eh_frame)
 .eh_frame      0x000000000800be4c        0x0 c:/st/stm32cubeide_1.3.0/stm32cubeide/plugins/com.st.stm32cube.ide.mcu.externaltools.gnu-tools-for-stm32.7-2018-q2-update.win32_1.0.0.201904181610/tools/bin/../lib/gcc/arm-none-eabi/7.3.1/thumb/v7e-m/fpv4-sp/hard/crtbegin.o
 *(.init)
 .init          0x000000000800be4c        0x4 c:/st/stm32cubeide_1.3.0/stm32cubeide/plugins/com.st.stm32cube.ide.mcu.externaltools.gnu-tools-for-stm32.7-2018-q2-update.win32_1.0.0.201904181610/tools/bin/../lib/gcc/arm-none-eabi/7.3.1/thumb/v7e-m/fpv4-sp/hard/crti.o
                0x000000000800be4c                _init
 .init          0x000000000800be50        0x8 c:/st/stm32cubeide_1.3.0/stm32cubeide/plugins/com.st.stm32cube.ide.mcu.externaltools.gnu-tools-for-stm32.7-2018-q2-update.win32_1.0.0.201904181610/tools/bin/../lib/gcc/arm-none-eabi/7.3.1/thumb/v7e-m/fpv4-sp/hard/crtn.o
 *(.fini)
 .fini          0x000000000800be58        0x4 c:/st/stm32cubeide_1.3.0/stm32cubeide/plugins/com.st.stm32cube.ide.mcu.externaltools.gnu-tools-for-stm32.7-2018-q2-update.win32_1.0.0.201904181610/tools/bin/../lib/gcc/arm-none-eabi/7.3.1/thumb/v7e-m/fpv4-sp/hard/crti.o
                0x000000000800be58                _fini
 .fini          0x000000000800be5c        0x8 c:/st/stm32cubeide_1.3.0/stm32cubeide/plugins/com.st.stm32cube.ide.mcu.externaltools.gnu-tools-for-stm32.7-2018-q2-update.win32_1.0.0.201904181610/tools/bin/../lib/gcc/arm-none-eabi/7.3.1/thumb/v7e-m/fpv4-sp/hard/crtn.o
                0x000000000800be64                . = ALIGN (0x4)
                0x000000000800be64                _etext = .

.vfp11_veneer   0x000000000800be64        0x0
 .vfp11_veneer  0x000000000800be64        0x0 linker stubs

.v4_bx          0x000000000800be64        0x0
 .v4_bx         0x000000000800be64        0x0 linker stubs

.iplt           0x000000000800be64        0x0
 .iplt          0x000000000800be64        0x0 c:/st/stm32cubeide_1.3.0/stm32cubeide/plugins/com.st.stm32cube.ide.mcu.externaltools.gnu-tools-for-stm32.7-2018-q2-update.win32_1.0.0.201904181610/tools/bin/../lib/gcc/arm-none-eabi/7.3.1/thumb/v7e-m/fpv4-sp/hard/crtbegin.o

.rodata         0x000000000800be64    0x27e24
                0x000000000800be64                . = ALIGN (0x4)
 *(.rodata)
 .rodata        0x000000000800be64       0x16 08_NosPrg/isr.o
 *fill*         0x000000000800be7a        0x2 
 .rodata        0x000000000800be7c       0x70 ../07_X-Cube_AI/AI/Lib\NetworkRuntime500_CM4_GCC.a(ai_datatypes_format.o)
 .rodata        0x000000000800beec       0x30 ../07_X-Cube_AI/AI/Lib\NetworkRuntime500_CM4_GCC.a(ai_datatypes_format.o)
 *(.rodata*)
 .rodata.conv2d_7_chain
                0x000000000800bf1c        0x8 07_X-Cube_AI/network_cnn.o
 .rodata.conv2d_8_chain
                0x000000000800bf24        0x8 07_X-Cube_AI/network_cnn.o
 .rodata.conv2d_9_chain
                0x000000000800bf2c        0x8 07_X-Cube_AI/network_cnn.o
 .rodata.dense_5_chain
                0x000000000800bf34        0x8 07_X-Cube_AI/network_cnn.o
 .rodata.dense_5_nl_chain
                0x000000000800bf3c        0x8 07_X-Cube_AI/network_cnn.o
 .rodata.dense_6_chain
                0x000000000800bf44        0x8 07_X-Cube_AI/network_cnn.o
 .rodata.dense_6_nl_chain
                0x000000000800bf4c        0x8 07_X-Cube_AI/network_cnn.o
 .rodata.s_network_cnn_weights.5635
                0x000000000800bf54    0x278cc 07_X-Cube_AI/network_cnn_data.o
 .rodata.atanhi
                0x0000000008033820       0x10 c:/st/stm32cubeide_1.3.0/stm32cubeide/plugins/com.st.stm32cube.ide.mcu.externaltools.gnu-tools-for-stm32.7-2018-q2-update.win32_1.0.0.201904181610/tools/bin/../lib/gcc/arm-none-eabi/7.3.1/../../../../arm-none-eabi/lib/thumb/v7e-m/fpv4-sp/hard\libm.a(lib_a-sf_atan.o)
 .rodata.atanlo
                0x0000000008033830       0x10 c:/st/stm32cubeide_1.3.0/stm32cubeide/plugins/com.st.stm32cube.ide.mcu.externaltools.gnu-tools-for-stm32.7-2018-q2-update.win32_1.0.0.201904181610/tools/bin/../lib/gcc/arm-none-eabi/7.3.1/../../../../arm-none-eabi/lib/thumb/v7e-m/fpv4-sp/hard\libm.a(lib_a-sf_atan.o)
 .rodata.acosf.str1.1
                0x0000000008033840        0x6 c:/st/stm32cubeide_1.3.0/stm32cubeide/plugins/com.st.stm32cube.ide.mcu.externaltools.gnu-tools-for-stm32.7-2018-q2-update.win32_1.0.0.201904181610/tools/bin/../lib/gcc/arm-none-eabi/7.3.1/../../../../arm-none-eabi/lib/thumb/v7e-m/fpv4-sp/hard\libm.a(lib_a-wf_acos.o)
                                          0x7 (size before relaxing)
 .rodata.acoshf.str1.1
                0x0000000008033846        0x7 c:/st/stm32cubeide_1.3.0/stm32cubeide/plugins/com.st.stm32cube.ide.mcu.externaltools.gnu-tools-for-stm32.7-2018-q2-update.win32_1.0.0.201904181610/tools/bin/../lib/gcc/arm-none-eabi/7.3.1/../../../../arm-none-eabi/lib/thumb/v7e-m/fpv4-sp/hard\libm.a(lib_a-wf_acosh.o)
 .rodata.asinf.str1.1
                0x000000000803384d        0x6 c:/st/stm32cubeide_1.3.0/stm32cubeide/plugins/com.st.stm32cube.ide.mcu.externaltools.gnu-tools-for-stm32.7-2018-q2-update.win32_1.0.0.201904181610/tools/bin/../lib/gcc/arm-none-eabi/7.3.1/../../../../arm-none-eabi/lib/thumb/v7e-m/fpv4-sp/hard\libm.a(lib_a-wf_asin.o)
                                          0x7 (size before relaxing)
 .rodata.atanhf.str1.1
                0x0000000008033853        0x7 c:/st/stm32cubeide_1.3.0/stm32cubeide/plugins/com.st.stm32cube.ide.mcu.externaltools.gnu-tools-for-stm32.7-2018-q2-update.win32_1.0.0.201904181610/tools/bin/../lib/gcc/arm-none-eabi/7.3.1/../../../../arm-none-eabi/lib/thumb/v7e-m/fpv4-sp/hard\libm.a(lib_a-wf_atanh.o)
 .rodata.coshf.str1.1
                0x000000000803385a        0x7 c:/st/stm32cubeide_1.3.0/stm32cubeide/plugins/com.st.stm32cube.ide.mcu.externaltools.gnu-tools-for-stm32.7-2018-q2-update.win32_1.0.0.201904181610/tools/bin/../lib/gcc/arm-none-eabi/7.3.1/../../../../arm-none-eabi/lib/thumb/v7e-m/fpv4-sp/hard\libm.a(lib_a-wf_cosh.o)
                                          0x6 (size before relaxing)
 .rodata.expf.str1.1
                0x000000000803385a        0x5 c:/st/stm32cubeide_1.3.0/stm32cubeide/plugins/com.st.stm32cube.ide.mcu.externaltools.gnu-tools-for-stm32.7-2018-q2-update.win32_1.0.0.201904181610/tools/bin/../lib/gcc/arm-none-eabi/7.3.1/../../../../arm-none-eabi/lib/thumb/v7e-m/fpv4-sp/hard\libm.a(lib_a-wf_exp.o)
 .rodata.fmodf.str1.1
                0x000000000803385f        0x6 c:/st/stm32cubeide_1.3.0/stm32cubeide/plugins/com.st.stm32cube.ide.mcu.externaltools.gnu-tools-for-stm32.7-2018-q2-update.win32_1.0.0.201904181610/tools/bin/../lib/gcc/arm-none-eabi/7.3.1/../../../../arm-none-eabi/lib/thumb/v7e-m/fpv4-sp/hard\libm.a(lib_a-wf_fmod.o)
 .rodata.logf.str1.1
                0x0000000008033865        0x5 c:/st/stm32cubeide_1.3.0/stm32cubeide/plugins/com.st.stm32cube.ide.mcu.externaltools.gnu-tools-for-stm32.7-2018-q2-update.win32_1.0.0.201904181610/tools/bin/../lib/gcc/arm-none-eabi/7.3.1/../../../../arm-none-eabi/lib/thumb/v7e-m/fpv4-sp/hard\libm.a(lib_a-wf_log.o)
                                          0x6 (size before relaxing)
 .rodata.powf.str1.1
                0x000000000803386a        0x5 c:/st/stm32cubeide_1.3.0/stm32cubeide/plugins/com.st.stm32cube.ide.mcu.externaltools.gnu-tools-for-stm32.7-2018-q2-update.win32_1.0.0.201904181610/tools/bin/../lib/gcc/arm-none-eabi/7.3.1/../../../../arm-none-eabi/lib/thumb/v7e-m/fpv4-sp/hard\libm.a(lib_a-wf_pow.o)
 .rodata.sinhf.str1.1
                0x000000000803386f        0x6 c:/st/stm32cubeide_1.3.0/stm32cubeide/plugins/com.st.stm32cube.ide.mcu.externaltools.gnu-tools-for-stm32.7-2018-q2-update.win32_1.0.0.201904181610/tools/bin/../lib/gcc/arm-none-eabi/7.3.1/../../../../arm-none-eabi/lib/thumb/v7e-m/fpv4-sp/hard\libm.a(lib_a-wf_sinh.o)
 *fill*         0x0000000008033875        0x3 
 .rodata.halF   0x0000000008033878        0x8 c:/st/stm32cubeide_1.3.0/stm32cubeide/plugins/com.st.stm32cube.ide.mcu.externaltools.gnu-tools-for-stm32.7-2018-q2-update.win32_1.0.0.201904181610/tools/bin/../lib/gcc/arm-none-eabi/7.3.1/../../../../arm-none-eabi/lib/thumb/v7e-m/fpv4-sp/hard\libm.a(lib_a-ef_exp.o)
 .rodata.ln2HI  0x0000000008033880        0x8 c:/st/stm32cubeide_1.3.0/stm32cubeide/plugins/com.st.stm32cube.ide.mcu.externaltools.gnu-tools-for-stm32.7-2018-q2-update.win32_1.0.0.201904181610/tools/bin/../lib/gcc/arm-none-eabi/7.3.1/../../../../arm-none-eabi/lib/thumb/v7e-m/fpv4-sp/hard\libm.a(lib_a-ef_exp.o)
 .rodata.ln2LO  0x0000000008033888        0x8 c:/st/stm32cubeide_1.3.0/stm32cubeide/plugins/com.st.stm32cube.ide.mcu.externaltools.gnu-tools-for-stm32.7-2018-q2-update.win32_1.0.0.201904181610/tools/bin/../lib/gcc/arm-none-eabi/7.3.1/../../../../arm-none-eabi/lib/thumb/v7e-m/fpv4-sp/hard\libm.a(lib_a-ef_exp.o)
 .rodata.Zero   0x0000000008033890        0x8 c:/st/stm32cubeide_1.3.0/stm32cubeide/plugins/com.st.stm32cube.ide.mcu.externaltools.gnu-tools-for-stm32.7-2018-q2-update.win32_1.0.0.201904181610/tools/bin/../lib/gcc/arm-none-eabi/7.3.1/../../../../arm-none-eabi/lib/thumb/v7e-m/fpv4-sp/hard\libm.a(lib_a-ef_fmod.o)
 .rodata.__ieee754_powf.str1.1
                0x0000000008033898        0x1 c:/st/stm32cubeide_1.3.0/stm32cubeide/plugins/com.st.stm32cube.ide.mcu.externaltools.gnu-tools-for-stm32.7-2018-q2-update.win32_1.0.0.201904181610/tools/bin/../lib/gcc/arm-none-eabi/7.3.1/../../../../arm-none-eabi/lib/thumb/v7e-m/fpv4-sp/hard\libm.a(lib_a-ef_pow.o)
 .rodata.bp     0x0000000008033898        0x8 c:/st/stm32cubeide_1.3.0/stm32cubeide/plugins/com.st.stm32cube.ide.mcu.externaltools.gnu-tools-for-stm32.7-2018-q2-update.win32_1.0.0.201904181610/tools/bin/../lib/gcc/arm-none-eabi/7.3.1/../../../../arm-none-eabi/lib/thumb/v7e-m/fpv4-sp/hard\libm.a(lib_a-ef_pow.o)
 .rodata.dp_h   0x00000000080338a0        0x8 c:/st/stm32cubeide_1.3.0/stm32cubeide/plugins/com.st.stm32cube.ide.mcu.externaltools.gnu-tools-for-stm32.7-2018-q2-update.win32_1.0.0.201904181610/tools/bin/../lib/gcc/arm-none-eabi/7.3.1/../../../../arm-none-eabi/lib/thumb/v7e-m/fpv4-sp/hard\libm.a(lib_a-ef_pow.o)
 .rodata.dp_l   0x00000000080338a8        0x8 c:/st/stm32cubeide_1.3.0/stm32cubeide/plugins/com.st.stm32cube.ide.mcu.externaltools.gnu-tools-for-stm32.7-2018-q2-update.win32_1.0.0.201904181610/tools/bin/../lib/gcc/arm-none-eabi/7.3.1/../../../../arm-none-eabi/lib/thumb/v7e-m/fpv4-sp/hard\libm.a(lib_a-ef_pow.o)
 .rodata.npio2_hw
                0x00000000080338b0       0x80 c:/st/stm32cubeide_1.3.0/stm32cubeide/plugins/com.st.stm32cube.ide.mcu.externaltools.gnu-tools-for-stm32.7-2018-q2-update.win32_1.0.0.201904181610/tools/bin/../lib/gcc/arm-none-eabi/7.3.1/../../../../arm-none-eabi/lib/thumb/v7e-m/fpv4-sp/hard\libm.a(lib_a-ef_rem_pio2.o)
 .rodata.two_over_pi
                0x0000000008033930      0x318 c:/st/stm32cubeide_1.3.0/stm32cubeide/plugins/com.st.stm32cube.ide.mcu.externaltools.gnu-tools-for-stm32.7-2018-q2-update.win32_1.0.0.201904181610/tools/bin/../lib/gcc/arm-none-eabi/7.3.1/../../../../arm-none-eabi/lib/thumb/v7e-m/fpv4-sp/hard\libm.a(lib_a-ef_rem_pio2.o)
 .rodata.PIo2   0x0000000008033c48       0x2c c:/st/stm32cubeide_1.3.0/stm32cubeide/plugins/com.st.stm32cube.ide.mcu.externaltools.gnu-tools-for-stm32.7-2018-q2-update.win32_1.0.0.201904181610/tools/bin/../lib/gcc/arm-none-eabi/7.3.1/../../../../arm-none-eabi/lib/thumb/v7e-m/fpv4-sp/hard\libm.a(lib_a-kf_rem_pio2.o)
 .rodata.init_jk
                0x0000000008033c74        0xc c:/st/stm32cubeide_1.3.0/stm32cubeide/plugins/com.st.stm32cube.ide.mcu.externaltools.gnu-tools-for-stm32.7-2018-q2-update.win32_1.0.0.201904181610/tools/bin/../lib/gcc/arm-none-eabi/7.3.1/../../../../arm-none-eabi/lib/thumb/v7e-m/fpv4-sp/hard\libm.a(lib_a-kf_rem_pio2.o)
 .rodata.TWO23  0x0000000008033c80        0x8 c:/st/stm32cubeide_1.3.0/stm32cubeide/plugins/com.st.stm32cube.ide.mcu.externaltools.gnu-tools-for-stm32.7-2018-q2-update.win32_1.0.0.201904181610/tools/bin/../lib/gcc/arm-none-eabi/7.3.1/../../../../arm-none-eabi/lib/thumb/v7e-m/fpv4-sp/hard\libm.a(lib_a-sf_rint.o)
                0x0000000008033c88                . = ALIGN (0x4)

.ARM.extab      0x0000000008033c88        0x0
                0x0000000008033c88                . = ALIGN (0x4)
 *(.ARM.extab* .gnu.linkonce.armextab.*)
                0x0000000008033c88                . = ALIGN (0x4)

.ARM            0x0000000008033c88        0x8
                0x0000000008033c88                . = ALIGN (0x4)
                0x0000000008033c88                __exidx_start = .
 *(.ARM.exidx*)
 .ARM.exidx     0x0000000008033c88        0x8 c:/st/stm32cubeide_1.3.0/stm32cubeide/plugins/com.st.stm32cube.ide.mcu.externaltools.gnu-tools-for-stm32.7-2018-q2-update.win32_1.0.0.201904181610/tools/bin/../lib/gcc/arm-none-eabi/7.3.1/thumb/v7e-m/fpv4-sp/hard\libgcc.a(_udivmoddi4.o)
                0x0000000008033c90                __exidx_end = .
                0x0000000008033c90                . = ALIGN (0x4)

.rel.dyn        0x0000000008033c90        0x0
 .rel.iplt      0x0000000008033c90        0x0 c:/st/stm32cubeide_1.3.0/stm32cubeide/plugins/com.st.stm32cube.ide.mcu.externaltools.gnu-tools-for-stm32.7-2018-q2-update.win32_1.0.0.201904181610/tools/bin/../lib/gcc/arm-none-eabi/7.3.1/thumb/v7e-m/fpv4-sp/hard/crtbegin.o

.preinit_array  0x0000000008033c90        0x0
                0x0000000008033c90                . = ALIGN (0x4)
                0x0000000008033c90                PROVIDE (__preinit_array_start = .)
 *(.preinit_array*)
                0x0000000008033c90                PROVIDE (__preinit_array_end = .)
                0x0000000008033c90                . = ALIGN (0x4)

.init_array     0x0000000008033c90        0x4
                0x0000000008033c90                . = ALIGN (0x4)
                0x0000000008033c90                PROVIDE (__init_array_start = .)
 *(SORT_BY_NAME(.init_array.*))
 *(.init_array*)
 .init_array    0x0000000008033c90        0x4 c:/st/stm32cubeide_1.3.0/stm32cubeide/plugins/com.st.stm32cube.ide.mcu.externaltools.gnu-tools-for-stm32.7-2018-q2-update.win32_1.0.0.201904181610/tools/bin/../lib/gcc/arm-none-eabi/7.3.1/thumb/v7e-m/fpv4-sp/hard/crtbegin.o
                0x0000000008033c94                PROVIDE (__init_array_end = .)
                0x0000000008033c94                . = ALIGN (0x4)

.fini_array     0x0000000008033c94        0x4
                0x0000000008033c94                . = ALIGN (0x4)
                [!provide]                        PROVIDE (__fini_array_start = .)
 *(SORT_BY_NAME(.fini_array.*))
 *(.fini_array*)
 .fini_array    0x0000000008033c94        0x4 c:/st/stm32cubeide_1.3.0/stm32cubeide/plugins/com.st.stm32cube.ide.mcu.externaltools.gnu-tools-for-stm32.7-2018-q2-update.win32_1.0.0.201904181610/tools/bin/../lib/gcc/arm-none-eabi/7.3.1/thumb/v7e-m/fpv4-sp/hard/crtbegin.o
                [!provide]                        PROVIDE (__fini_array_end = .)
                0x0000000008033c98                . = ALIGN (0x4)
                0x0000000008033c98                _sidata = LOADADDR (.data)

.data           0x0000000020000000      0xb08 load address 0x0000000008033c98
                0x0000000020000000                . = ALIGN (0x4)
                0x0000000020000000                _sdata = .
 *(.data)
 *(.data*)
 .data.ai_input
                0x0000000020000000       0x18 07_X-Cube_AI/app_x-cube-ai.o
 .data.ai_output
                0x0000000020000018       0x18 07_X-Cube_AI/app_x-cube-ai.o
 .data.g_network_cnn
                0x0000000020000030       0x58 07_X-Cube_AI/network_cnn.o
 .data.conv2d_9_scratch0_array
                0x0000000020000088       0x10 07_X-Cube_AI/network_cnn.o
 .data.conv2d_8_scratch0_array
                0x0000000020000098       0x10 07_X-Cube_AI/network_cnn.o
 .data.conv2d_7_scratch0_array
                0x00000000200000a8       0x10 07_X-Cube_AI/network_cnn.o
 .data.dense_6_bias_array
                0x00000000200000b8       0x10 07_X-Cube_AI/network_cnn.o
 .data.dense_6_weights_array
                0x00000000200000c8       0x10 07_X-Cube_AI/network_cnn.o
 .data.dense_5_bias_array
                0x00000000200000d8       0x10 07_X-Cube_AI/network_cnn.o
 .data.dense_5_weights_array
                0x00000000200000e8       0x10 07_X-Cube_AI/network_cnn.o
 .data.conv2d_9_bias_array
                0x00000000200000f8       0x10 07_X-Cube_AI/network_cnn.o
 .data.conv2d_9_weights_array
                0x0000000020000108       0x10 07_X-Cube_AI/network_cnn.o
 .data.conv2d_8_bias_array
                0x0000000020000118       0x10 07_X-Cube_AI/network_cnn.o
 .data.conv2d_8_weights_array
                0x0000000020000128       0x10 07_X-Cube_AI/network_cnn.o
 .data.conv2d_7_bias_array
                0x0000000020000138       0x10 07_X-Cube_AI/network_cnn.o
 .data.conv2d_7_weights_array
                0x0000000020000148       0x10 07_X-Cube_AI/network_cnn.o
 .data.input_0_output_array
                0x0000000020000158       0x10 07_X-Cube_AI/network_cnn.o
 .data.conv2d_7_output_array
                0x0000000020000168       0x10 07_X-Cube_AI/network_cnn.o
 .data.conv2d_8_output_array
                0x0000000020000178       0x10 07_X-Cube_AI/network_cnn.o
 .data.conv2d_9_output_array
                0x0000000020000188       0x10 07_X-Cube_AI/network_cnn.o
 .data.dense_5_output_array
                0x0000000020000198       0x10 07_X-Cube_AI/network_cnn.o
 .data.dense_5_nl_output_array
                0x00000000200001a8       0x10 07_X-Cube_AI/network_cnn.o
 .data.dense_6_output_array
                0x00000000200001b8       0x10 07_X-Cube_AI/network_cnn.o
 .data.dense_6_nl_output_array
                0x00000000200001c8       0x10 07_X-Cube_AI/network_cnn.o
 .data.conv2d_9_scratch0
                0x00000000200001d8       0x1c 07_X-Cube_AI/network_cnn.o
 .data.conv2d_8_scratch0
                0x00000000200001f4       0x1c 07_X-Cube_AI/network_cnn.o
 .data.conv2d_7_scratch0
                0x0000000020000210       0x1c 07_X-Cube_AI/network_cnn.o
 .data.dense_6_bias
                0x000000002000022c       0x1c 07_X-Cube_AI/network_cnn.o
 .data.dense_6_weights
                0x0000000020000248       0x1c 07_X-Cube_AI/network_cnn.o
 .data.dense_5_bias
                0x0000000020000264       0x1c 07_X-Cube_AI/network_cnn.o
 .data.dense_5_weights
                0x0000000020000280       0x1c 07_X-Cube_AI/network_cnn.o
 .data.conv2d_9_bias
                0x000000002000029c       0x1c 07_X-Cube_AI/network_cnn.o
 .data.conv2d_9_weights
                0x00000000200002b8       0x1c 07_X-Cube_AI/network_cnn.o
 .data.conv2d_8_bias
                0x00000000200002d4       0x1c 07_X-Cube_AI/network_cnn.o
 .data.conv2d_8_weights
                0x00000000200002f0       0x1c 07_X-Cube_AI/network_cnn.o
 .data.conv2d_7_bias
                0x000000002000030c       0x1c 07_X-Cube_AI/network_cnn.o
 .data.conv2d_7_weights
                0x0000000020000328       0x1c 07_X-Cube_AI/network_cnn.o
 .data.input_0_output
                0x0000000020000344       0x1c 07_X-Cube_AI/network_cnn.o
 .data.conv2d_7_output
                0x0000000020000360       0x1c 07_X-Cube_AI/network_cnn.o
 .data.conv2d_8_output
                0x000000002000037c       0x1c 07_X-Cube_AI/network_cnn.o
 .data.conv2d_9_output
                0x0000000020000398       0x1c 07_X-Cube_AI/network_cnn.o
 .data.conv2d_9_output0
                0x00000000200003b4       0x1c 07_X-Cube_AI/network_cnn.o
 .data.dense_5_output
                0x00000000200003d0       0x1c 07_X-Cube_AI/network_cnn.o
 .data.dense_5_nl_output
                0x00000000200003ec       0x1c 07_X-Cube_AI/network_cnn.o
 .data.dense_6_output
                0x0000000020000408       0x1c 07_X-Cube_AI/network_cnn.o
 .data.dense_6_nl_output
                0x0000000020000424       0x1c 07_X-Cube_AI/network_cnn.o
 .data.conv2d_7_layer
                0x0000000020000440       0x58 07_X-Cube_AI/network_cnn.o
 .data.conv2d_8_layer
                0x0000000020000498       0x58 07_X-Cube_AI/network_cnn.o
 .data.conv2d_9_layer
                0x00000000200004f0       0x58 07_X-Cube_AI/network_cnn.o
 .data.dense_5_layer
                0x0000000020000548       0x18 07_X-Cube_AI/network_cnn.o
 .data.dense_5_nl_layer
                0x0000000020000560       0x1c 07_X-Cube_AI/network_cnn.o
 .data.dense_6_layer
                0x000000002000057c       0x18 07_X-Cube_AI/network_cnn.o
 .data.dense_6_nl_layer
                0x0000000020000594       0x1c 07_X-Cube_AI/network_cnn.o
 .data.__compound_literal.0
                0x00000000200005b0       0x10 07_X-Cube_AI/network_cnn.o
 .data.__compound_literal.1
                0x00000000200005c0       0x10 07_X-Cube_AI/network_cnn.o
 .data.__compound_literal.2
                0x00000000200005d0       0x10 07_X-Cube_AI/network_cnn.o
 .data.__compound_literal.3
                0x00000000200005e0       0x10 07_X-Cube_AI/network_cnn.o
 .data.__compound_literal.4
                0x00000000200005f0       0x10 07_X-Cube_AI/network_cnn.o
 .data.__compound_literal.5
                0x0000000020000600       0x10 07_X-Cube_AI/network_cnn.o
 .data.__compound_literal.6
                0x0000000020000610       0x10 07_X-Cube_AI/network_cnn.o
 .data.__compound_literal.7
                0x0000000020000620       0x10 07_X-Cube_AI/network_cnn.o
 .data.__compound_literal.8
                0x0000000020000630       0x10 07_X-Cube_AI/network_cnn.o
 .data.__compound_literal.9
                0x0000000020000640       0x10 07_X-Cube_AI/network_cnn.o
 .data.__compound_literal.10
                0x0000000020000650       0x10 07_X-Cube_AI/network_cnn.o
 .data.__compound_literal.11
                0x0000000020000660       0x10 07_X-Cube_AI/network_cnn.o
 .data.__compound_literal.12
                0x0000000020000670       0x10 07_X-Cube_AI/network_cnn.o
 .data.__compound_literal.13
                0x0000000020000680       0x10 07_X-Cube_AI/network_cnn.o
 .data.__compound_literal.14
                0x0000000020000690       0x10 07_X-Cube_AI/network_cnn.o
 .data.__compound_literal.15
                0x00000000200006a0       0x10 07_X-Cube_AI/network_cnn.o
 .data.__compound_literal.16
                0x00000000200006b0       0x10 07_X-Cube_AI/network_cnn.o
 .data.__compound_literal.17
                0x00000000200006c0       0x10 07_X-Cube_AI/network_cnn.o
 .data.__compound_literal.18
                0x00000000200006d0       0x10 07_X-Cube_AI/network_cnn.o
 .data.__compound_literal.19
                0x00000000200006e0       0x10 07_X-Cube_AI/network_cnn.o
 .data.__compound_literal.20
                0x00000000200006f0       0x10 07_X-Cube_AI/network_cnn.o
 .data.__compound_literal.21
                0x0000000020000700       0x10 07_X-Cube_AI/network_cnn.o
 .data.__compound_literal.22
                0x0000000020000710       0x10 07_X-Cube_AI/network_cnn.o
 .data.__compound_literal.23
                0x0000000020000720       0x10 07_X-Cube_AI/network_cnn.o
 .data.__compound_literal.24
                0x0000000020000730       0x10 07_X-Cube_AI/network_cnn.o
 .data.__compound_literal.25
                0x0000000020000740       0x10 07_X-Cube_AI/network_cnn.o
 .data.__compound_literal.26
                0x0000000020000750       0x10 07_X-Cube_AI/network_cnn.o
 .data.__compound_literal.27
                0x0000000020000760       0x10 07_X-Cube_AI/network_cnn.o
 .data.__compound_literal.28
                0x0000000020000770       0x10 07_X-Cube_AI/network_cnn.o
 .data.__compound_literal.29
                0x0000000020000780       0x10 07_X-Cube_AI/network_cnn.o
 .data.__compound_literal.30
                0x0000000020000790       0x10 07_X-Cube_AI/network_cnn.o
 .data.__compound_literal.31
                0x00000000200007a0       0x10 07_X-Cube_AI/network_cnn.o
 .data.__compound_literal.32
                0x00000000200007b0       0x10 07_X-Cube_AI/network_cnn.o
 .data.__compound_literal.33
                0x00000000200007c0       0x10 07_X-Cube_AI/network_cnn.o
 .data.__compound_literal.34
                0x00000000200007d0       0x10 07_X-Cube_AI/network_cnn.o
 .data.__compound_literal.35
                0x00000000200007e0       0x10 07_X-Cube_AI/network_cnn.o
 .data.__compound_literal.36
                0x00000000200007f0       0x10 07_X-Cube_AI/network_cnn.o
 .data.__compound_literal.37
                0x0000000020000800       0x10 07_X-Cube_AI/network_cnn.o
 .data.__compound_literal.38
                0x0000000020000810       0x10 07_X-Cube_AI/network_cnn.o
 .data.__compound_literal.39
                0x0000000020000820       0x10 07_X-Cube_AI/network_cnn.o
 .data.__compound_literal.40
                0x0000000020000830       0x10 07_X-Cube_AI/network_cnn.o
 .data.__compound_literal.41
                0x0000000020000840       0x10 07_X-Cube_AI/network_cnn.o
 .data.__compound_literal.42
                0x0000000020000850       0x10 07_X-Cube_AI/network_cnn.o
 .data.__compound_literal.43
                0x0000000020000860       0x10 07_X-Cube_AI/network_cnn.o
 .data.__compound_literal.44
                0x0000000020000870        0x4 07_X-Cube_AI/network_cnn.o
 .data.__compound_literal.45
                0x0000000020000874        0x4 07_X-Cube_AI/network_cnn.o
 .data.__compound_literal.46
                0x0000000020000878        0xc 07_X-Cube_AI/network_cnn.o
 .data.__compound_literal.47
                0x0000000020000884        0x4 07_X-Cube_AI/network_cnn.o
 .data.__compound_literal.48
                0x0000000020000888       0x30 07_X-Cube_AI/network_cnn.o
 .data.__compound_literal.49
                0x00000000200008b8       0x10 07_X-Cube_AI/network_cnn.o
 .data.__compound_literal.51
                0x00000000200008c8        0x4 07_X-Cube_AI/network_cnn.o
 .data.__compound_literal.52
                0x00000000200008cc        0x4 07_X-Cube_AI/network_cnn.o
 .data.__compound_literal.53
                0x00000000200008d0        0xc 07_X-Cube_AI/network_cnn.o
 .data.__compound_literal.54
                0x00000000200008dc        0x4 07_X-Cube_AI/network_cnn.o
 .data.__compound_literal.55
                0x00000000200008e0       0x30 07_X-Cube_AI/network_cnn.o
 .data.__compound_literal.56
                0x0000000020000910       0x10 07_X-Cube_AI/network_cnn.o
 .data.__compound_literal.58
                0x0000000020000920        0x4 07_X-Cube_AI/network_cnn.o
 .data.__compound_literal.59
                0x0000000020000924        0x4 07_X-Cube_AI/network_cnn.o
 .data.__compound_literal.60
                0x0000000020000928        0xc 07_X-Cube_AI/network_cnn.o
 .data.__compound_literal.61
                0x0000000020000934        0x4 07_X-Cube_AI/network_cnn.o
 .data.__compound_literal.62
                0x0000000020000938       0x30 07_X-Cube_AI/network_cnn.o
 .data.__compound_literal.63
                0x0000000020000968       0x10 07_X-Cube_AI/network_cnn.o
 .data.__compound_literal.65
                0x0000000020000978        0x4 07_X-Cube_AI/network_cnn.o
 .data.__compound_literal.66
                0x000000002000097c        0x4 07_X-Cube_AI/network_cnn.o
 .data.__compound_literal.67
                0x0000000020000980        0x8 07_X-Cube_AI/network_cnn.o
 .data.__compound_literal.69
                0x0000000020000988       0x30 07_X-Cube_AI/network_cnn.o
 .data.__compound_literal.70
                0x00000000200009b8        0x4 07_X-Cube_AI/network_cnn.o
 .data.__compound_literal.71
                0x00000000200009bc        0x4 07_X-Cube_AI/network_cnn.o
 .data.__compound_literal.74
                0x00000000200009c0       0x30 07_X-Cube_AI/network_cnn.o
 .data.__compound_literal.75
                0x00000000200009f0        0x4 07_X-Cube_AI/network_cnn.o
 .data.__compound_literal.76
                0x00000000200009f4        0x4 07_X-Cube_AI/network_cnn.o
 .data.__compound_literal.77
                0x00000000200009f8        0x8 07_X-Cube_AI/network_cnn.o
 .data.__compound_literal.79
                0x0000000020000a00       0x30 07_X-Cube_AI/network_cnn.o
 .data.__compound_literal.80
                0x0000000020000a30        0x4 07_X-Cube_AI/network_cnn.o
 .data.__compound_literal.81
                0x0000000020000a34        0x4 07_X-Cube_AI/network_cnn.o
 .data.__compound_literal.84
                0x0000000020000a38       0x30 07_X-Cube_AI/network_cnn.o
 .data.__compound_literal.85
                0x0000000020000a68        0x4 07_X-Cube_AI/network_cnn.o
 .data.__compound_literal.89
                0x0000000020000a6c        0xc 07_X-Cube_AI/network_cnn.o
 .data.__compound_literal.90
                0x0000000020000a78        0x4 07_X-Cube_AI/network_cnn.o
 .data.__compound_literal.94
                0x0000000020000a7c        0xc 07_X-Cube_AI/network_cnn.o
 .data.__compound_literal.95
                0x0000000020000a88       0x18 07_X-Cube_AI/network_cnn.o
 .data._impure_ptr
                0x0000000020000aa0        0x4 c:/st/stm32cubeide_1.3.0/stm32cubeide/plugins/com.st.stm32cube.ide.mcu.externaltools.gnu-tools-for-stm32.7-2018-q2-update.win32_1.0.0.201904181610/tools/bin/../lib/gcc/arm-none-eabi/7.3.1/../../../../arm-none-eabi/lib/thumb/v7e-m/fpv4-sp/hard\libc_nano.a(lib_a-impure.o)
                0x0000000020000aa0                _impure_ptr
 .data.impure_data
                0x0000000020000aa4       0x60 c:/st/stm32cubeide_1.3.0/stm32cubeide/plugins/com.st.stm32cube.ide.mcu.externaltools.gnu-tools-for-stm32.7-2018-q2-update.win32_1.0.0.201904181610/tools/bin/../lib/gcc/arm-none-eabi/7.3.1/../../../../arm-none-eabi/lib/thumb/v7e-m/fpv4-sp/hard\libc_nano.a(lib_a-impure.o)
 .data.__fdlib_version
                0x0000000020000b04        0x1 c:/st/stm32cubeide_1.3.0/stm32cubeide/plugins/com.st.stm32cube.ide.mcu.externaltools.gnu-tools-for-stm32.7-2018-q2-update.win32_1.0.0.201904181610/tools/bin/../lib/gcc/arm-none-eabi/7.3.1/../../../../arm-none-eabi/lib/thumb/v7e-m/fpv4-sp/hard\libm.a(lib_a-s_lib_ver.o)
                0x0000000020000b04                __fdlib_version
                0x0000000020000b08                . = ALIGN (0x4)
 *fill*         0x0000000020000b05        0x3 
                0x0000000020000b08                _edata = .

.igot.plt       0x0000000020000b08        0x0 load address 0x00000000080347a0
 .igot.plt      0x0000000020000b08        0x0 c:/st/stm32cubeide_1.3.0/stm32cubeide/plugins/com.st.stm32cube.ide.mcu.externaltools.gnu-tools-for-stm32.7-2018-q2-update.win32_1.0.0.201904181610/tools/bin/../lib/gcc/arm-none-eabi/7.3.1/thumb/v7e-m/fpv4-sp/hard/crtbegin.o
                0x0000000020000b08                . = ALIGN (0x4)

.bss            0x0000000020000b08     0x89e8 load address 0x00000000080347a0
                0x0000000020000b08                _sbss = .
                0x0000000020000b08                __bss_start__ = _sbss
 *(.bss)
 .bss           0x0000000020000b08       0x1c c:/st/stm32cubeide_1.3.0/stm32cubeide/plugins/com.st.stm32cube.ide.mcu.externaltools.gnu-tools-for-stm32.7-2018-q2-update.win32_1.0.0.201904181610/tools/bin/../lib/gcc/arm-none-eabi/7.3.1/thumb/v7e-m/fpv4-sp/hard/crtbegin.o
 *(.bss*)
 .bss.network_cnn
                0x0000000020000b24        0x4 07_X-Cube_AI/app_x-cube-ai.o
 .bss.activations.6477
                0x0000000020000b28     0x5900 07_X-Cube_AI/app_x-cube-ai.o
 .bss.in_data.6483
                0x0000000020006428     0x3000 07_X-Cube_AI/app_x-cube-ai.o
 .bss.out_data.6484
                0x0000000020009428        0xc 07_X-Cube_AI/app_x-cube-ai.o
 .bss.__compound_literal.50
                0x0000000020009434       0x10 07_X-Cube_AI/network_cnn.o
 .bss.__compound_literal.57
                0x0000000020009444       0x10 07_X-Cube_AI/network_cnn.o
 .bss.__compound_literal.64
                0x0000000020009454       0x10 07_X-Cube_AI/network_cnn.o
 .bss.__compound_literal.68
                0x0000000020009464        0x4 07_X-Cube_AI/network_cnn.o
 .bss.__compound_literal.72
                0x0000000020009468        0x4 07_X-Cube_AI/network_cnn.o
 .bss.__compound_literal.73
                0x000000002000946c        0x4 07_X-Cube_AI/network_cnn.o
 .bss.__compound_literal.78
                0x0000000020009470        0x4 07_X-Cube_AI/network_cnn.o
 .bss.__compound_literal.82
                0x0000000020009474        0x4 07_X-Cube_AI/network_cnn.o
 .bss.__compound_literal.83
                0x0000000020009478        0x4 07_X-Cube_AI/network_cnn.o
 .bss.__compound_literal.86
                0x000000002000947c       0x18 07_X-Cube_AI/network_cnn.o
 .bss.__compound_literal.87
                0x0000000020009494       0x10 07_X-Cube_AI/network_cnn.o
 .bss.__compound_literal.88
                0x00000000200094a4        0x8 07_X-Cube_AI/network_cnn.o
 .bss.__compound_literal.91
                0x00000000200094ac       0x18 07_X-Cube_AI/network_cnn.o
 .bss.__compound_literal.92
                0x00000000200094c4       0x10 07_X-Cube_AI/network_cnn.o
 .bss.__compound_literal.93
                0x00000000200094d4        0x8 07_X-Cube_AI/network_cnn.o
 .bss.__malloc_free_list
                0x00000000200094dc        0x4 c:/st/stm32cubeide_1.3.0/stm32cubeide/plugins/com.st.stm32cube.ide.mcu.externaltools.gnu-tools-for-stm32.7-2018-q2-update.win32_1.0.0.201904181610/tools/bin/../lib/gcc/arm-none-eabi/7.3.1/../../../../arm-none-eabi/lib/thumb/v7e-m/fpv4-sp/hard\libc_nano.a(lib_a-nano-mallocr.o)
                0x00000000200094dc                __malloc_free_list
 .bss.__malloc_sbrk_start
                0x00000000200094e0        0x4 c:/st/stm32cubeide_1.3.0/stm32cubeide/plugins/com.st.stm32cube.ide.mcu.externaltools.gnu-tools-for-stm32.7-2018-q2-update.win32_1.0.0.201904181610/tools/bin/../lib/gcc/arm-none-eabi/7.3.1/../../../../arm-none-eabi/lib/thumb/v7e-m/fpv4-sp/hard\libc_nano.a(lib_a-nano-mallocr.o)
                0x00000000200094e0                __malloc_sbrk_start
 .bss.heap_end.5377
                0x00000000200094e4        0x4 c:/st/stm32cubeide_1.3.0/stm32cubeide/plugins/com.st.stm32cube.ide.mcu.externaltools.gnu-tools-for-stm32.7-2018-q2-update.win32_1.0.0.201904181610/tools/bin/../lib/gcc/arm-none-eabi/7.3.1/../../../../arm-none-eabi/lib/thumb/v7e-m/fpv4-sp/hard\libnosys.a(sbrk.o)
 *(COMMON)
 COMMON         0x00000000200094e8        0x4 03_MCU/MCU_drivers/flash.o
                0x00000000200094e8                component_fun
 COMMON         0x00000000200094ec        0x4 c:/st/stm32cubeide_1.3.0/stm32cubeide/plugins/com.st.stm32cube.ide.mcu.externaltools.gnu-tools-for-stm32.7-2018-q2-update.win32_1.0.0.201904181610/tools/bin/../lib/gcc/arm-none-eabi/7.3.1/../../../../arm-none-eabi/lib/thumb/v7e-m/fpv4-sp/hard\libc_nano.a(lib_a-reent.o)
                0x00000000200094ec                errno
                0x00000000200094f0                . = ALIGN (0x4)
                0x00000000200094f0                _ebss = .
                0x00000000200094f0                __bss_end__ = _ebss

._user_heap_stack
                0x00000000200094f0      0x600 load address 0x00000000080347a0
                0x00000000200094f0                . = ALIGN (0x8)
                0x00000000200094f0                PROVIDE (end = .)
                [!provide]                        PROVIDE (_end = .)
                0x00000000200096f0                . = (. + _Min_Heap_Size)
 *fill*         0x00000000200094f0      0x200 
                0x0000000020009af0                . = (. + _Min_Stack_Size)
 *fill*         0x00000000200096f0      0x400 
                0x0000000020009af0                . = ALIGN (0x8)

/DISCARD/
 libc.a(*)
 libm.a(*)
 libgcc.a(*)

.ARM.attributes
                0x0000000000000000       0x34
 *(.ARM.attributes)
 .ARM.attributes
                0x0000000000000000       0x22 c:/st/stm32cubeide_1.3.0/stm32cubeide/plugins/com.st.stm32cube.ide.mcu.externaltools.gnu-tools-for-stm32.7-2018-q2-update.win32_1.0.0.201904181610/tools/bin/../lib/gcc/arm-none-eabi/7.3.1/thumb/v7e-m/fpv4-sp/hard/crti.o
 .ARM.attributes
                0x0000000000000022       0x34 c:/st/stm32cubeide_1.3.0/stm32cubeide/plugins/com.st.stm32cube.ide.mcu.externaltools.gnu-tools-for-stm32.7-2018-q2-update.win32_1.0.0.201904181610/tools/bin/../lib/gcc/arm-none-eabi/7.3.1/thumb/v7e-m/fpv4-sp/hard/crtbegin.o
 .ARM.attributes
                0x0000000000000056       0x39 03_MCU/MCU_drivers/flash.o
 .ARM.attributes
                0x000000000000008f       0x21 03_MCU/startup/startup_stm32l431rctx.o
 .ARM.attributes
                0x00000000000000b0       0x39 03_MCU/startup/system_stm32l4xx.o
 .ARM.attributes
                0x00000000000000e9       0x39 04_GEC/bios_api.o
 .ARM.attributes
                0x0000000000000122       0x39 05_UserBoard/printf.o
 .ARM.attributes
                0x000000000000015b       0x39 06_SoftComponent/common.o
 .ARM.attributes
                0x0000000000000194       0x39 07_X-Cube_AI/app_x-cube-ai.o
 .ARM.attributes
                0x00000000000001cd       0x39 07_X-Cube_AI/network_cnn.o
 .ARM.attributes
                0x0000000000000206       0x39 07_X-Cube_AI/network_cnn_data.o
 .ARM.attributes
                0x000000000000023f       0x39 08_NosPrg/isr.o
 .ARM.attributes
                0x0000000000000278       0x39 08_NosPrg/main.o
 .ARM.attributes
                0x00000000000002b1       0x56 ../07_X-Cube_AI/AI/Lib\NetworkRuntime500_CM4_GCC.a(ai_platform_interface.o)
 .ARM.attributes
                0x0000000000000307       0x58 ../07_X-Cube_AI/AI/Lib\NetworkRuntime500_CM4_GCC.a(core_common.o)
 .ARM.attributes
                0x000000000000035f       0x56 ../07_X-Cube_AI/AI/Lib\NetworkRuntime500_CM4_GCC.a(layers.o)
 .ARM.attributes
                0x00000000000003b5       0x56 ../07_X-Cube_AI/AI/Lib\NetworkRuntime500_CM4_GCC.a(layers_conv2d_generic_float.o)
 .ARM.attributes
                0x000000000000040b       0x58 ../07_X-Cube_AI/AI/Lib\NetworkRuntime500_CM4_GCC.a(layers_nl_generic_float.o)
 .ARM.attributes
                0x0000000000000463       0x58 ../07_X-Cube_AI/AI/Lib\NetworkRuntime500_CM4_GCC.a(layers_pool_generic_float.o)
 .ARM.attributes
                0x00000000000004bb       0x52 ../07_X-Cube_AI/AI/Lib\NetworkRuntime500_CM4_GCC.a(ai_datatypes_format.o)
 .ARM.attributes
                0x000000000000050d       0x58 ../07_X-Cube_AI/AI/Lib\NetworkRuntime500_CM4_GCC.a(ai_math_helpers.o)
 .ARM.attributes
                0x0000000000000565       0x58 ../07_X-Cube_AI/AI/Lib\NetworkRuntime500_CM4_GCC.a(arm_mat_init_f32.o)
 .ARM.attributes
                0x00000000000005bd       0x34 c:/st/stm32cubeide_1.3.0/stm32cubeide/plugins/com.st.stm32cube.ide.mcu.externaltools.gnu-tools-for-stm32.7-2018-q2-update.win32_1.0.0.201904181610/tools/bin/../lib/gcc/arm-none-eabi/7.3.1/../../../../arm-none-eabi/lib/thumb/v7e-m/fpv4-sp/hard\libc_nano.a(lib_a-aeabi_memclr.o)
 .ARM.attributes
                0x00000000000005f1       0x34 c:/st/stm32cubeide_1.3.0/stm32cubeide/plugins/com.st.stm32cube.ide.mcu.externaltools.gnu-tools-for-stm32.7-2018-q2-update.win32_1.0.0.201904181610/tools/bin/../lib/gcc/arm-none-eabi/7.3.1/../../../../arm-none-eabi/lib/thumb/v7e-m/fpv4-sp/hard\libc_nano.a(lib_a-aeabi_memcpy.o)
 .ARM.attributes
                0x0000000000000625       0x20 c:/st/stm32cubeide_1.3.0/stm32cubeide/plugins/com.st.stm32cube.ide.mcu.externaltools.gnu-tools-for-stm32.7-2018-q2-update.win32_1.0.0.201904181610/tools/bin/../lib/gcc/arm-none-eabi/7.3.1/../../../../arm-none-eabi/lib/thumb/v7e-m/fpv4-sp/hard\libc_nano.a(lib_a-aeabi_memset-soft.o)
 .ARM.attributes
                0x0000000000000645       0x34 c:/st/stm32cubeide_1.3.0/stm32cubeide/plugins/com.st.stm32cube.ide.mcu.externaltools.gnu-tools-for-stm32.7-2018-q2-update.win32_1.0.0.201904181610/tools/bin/../lib/gcc/arm-none-eabi/7.3.1/../../../../arm-none-eabi/lib/thumb/v7e-m/fpv4-sp/hard\libc_nano.a(lib_a-impure.o)